../Core/Src/main.c:82:1:__io_putchar	16	static
../Core/Src/main.c:99:5:main	104	static
../Core/Src/main.c:187:6:SystemClock_Config	88	static
../Core/Src/main.c:233:13:MX_ETH_Init	8	static
../Core/Src/main.c:282:13:MX_USART3_UART_Init	8	static
../Core/Src/main.c:315:13:MX_USB_OTG_FS_PCD_Init	8	static
../Core/Src/main.c:350:13:MX_GPIO_Init	56	static
../Core/Src/main.c:402:6:print_uart	16	static
../Core/Src/main.c:414:6:Task01_init	16	static
../Core/Src/main.c:428:6:Task02_init	24	static
../Core/Src/main.c:450:6:Task03_init	16	static
../Core/Src/main.c:467:6:HAL_TIM_PeriodElapsedCallback	16	static
../Core/Src/main.c:484:6:Error_Handler	4	static,ignoring_inline_asm
