Archive member included to satisfy reference by file (symbol)

C:/ST/STM32CubeCLT_1.18.0/GNU-tools-for-STM32/bin/../lib/gcc/arm-none-eabi/13.3.1/../../../../arm-none-eabi/lib/thumb/v7e-m+fp/hard\libc_nano.a(libc_a-exit.o)
                              C:/ST/STM32CubeCLT_1.18.0/GNU-tools-for-STM32/bin/../lib/gcc/arm-none-eabi/13.3.1/../../../../arm-none-eabi/lib/thumb/v7e-m+fp/hard/crt0.o (exit)
C:/ST/STM32CubeCLT_1.18.0/GNU-tools-for-STM32/bin/../lib/gcc/arm-none-eabi/13.3.1/../../../../arm-none-eabi/lib/thumb/v7e-m+fp/hard\libc_nano.a(libc_a-findfp.o)
                              C:/ST/STM32CubeCLT_1.18.0/GNU-tools-for-STM32/bin/../lib/gcc/arm-none-eabi/13.3.1/../../../../arm-none-eabi/lib/thumb/v7e-m+fp/hard\libc_nano.a(libc_a-exit.o) (__stdio_exit_handler)
C:/ST/STM32CubeCLT_1.18.0/GNU-tools-for-STM32/bin/../lib/gcc/arm-none-eabi/13.3.1/../../../../arm-none-eabi/lib/thumb/v7e-m+fp/hard\libc_nano.a(libc_a-fwalk.o)
                              C:/ST/STM32CubeCLT_1.18.0/GNU-tools-for-STM32/bin/../lib/gcc/arm-none-eabi/13.3.1/../../../../arm-none-eabi/lib/thumb/v7e-m+fp/hard\libc_nano.a(libc_a-findfp.o) (_fwalk_sglue)
C:/ST/STM32CubeCLT_1.18.0/GNU-tools-for-STM32/bin/../lib/gcc/arm-none-eabi/13.3.1/../../../../arm-none-eabi/lib/thumb/v7e-m+fp/hard\libc_nano.a(libc_a-stdio.o)
                              C:/ST/STM32CubeCLT_1.18.0/GNU-tools-for-STM32/bin/../lib/gcc/arm-none-eabi/13.3.1/../../../../arm-none-eabi/lib/thumb/v7e-m+fp/hard\libc_nano.a(libc_a-findfp.o) (__sread)
C:/ST/STM32CubeCLT_1.18.0/GNU-tools-for-STM32/bin/../lib/gcc/arm-none-eabi/13.3.1/../../../../arm-none-eabi/lib/thumb/v7e-m+fp/hard\libc_nano.a(libc_a-memset.o)
                              C:/ST/STM32CubeCLT_1.18.0/GNU-tools-for-STM32/bin/../lib/gcc/arm-none-eabi/13.3.1/../../../../arm-none-eabi/lib/thumb/v7e-m+fp/hard/crt0.o (memset)
C:/ST/STM32CubeCLT_1.18.0/GNU-tools-for-STM32/bin/../lib/gcc/arm-none-eabi/13.3.1/../../../../arm-none-eabi/lib/thumb/v7e-m+fp/hard\libc_nano.a(libc_a-closer.o)
                              C:/ST/STM32CubeCLT_1.18.0/GNU-tools-for-STM32/bin/../lib/gcc/arm-none-eabi/13.3.1/../../../../arm-none-eabi/lib/thumb/v7e-m+fp/hard\libc_nano.a(libc_a-stdio.o) (_close_r)
C:/ST/STM32CubeCLT_1.18.0/GNU-tools-for-STM32/bin/../lib/gcc/arm-none-eabi/13.3.1/../../../../arm-none-eabi/lib/thumb/v7e-m+fp/hard\libc_nano.a(libc_a-reent.o)
                              C:/ST/STM32CubeCLT_1.18.0/GNU-tools-for-STM32/bin/../lib/gcc/arm-none-eabi/13.3.1/../../../../arm-none-eabi/lib/thumb/v7e-m+fp/hard\libc_nano.a(libc_a-closer.o) (errno)
C:/ST/STM32CubeCLT_1.18.0/GNU-tools-for-STM32/bin/../lib/gcc/arm-none-eabi/13.3.1/../../../../arm-none-eabi/lib/thumb/v7e-m+fp/hard\libc_nano.a(libc_a-impure.o)
                              C:/ST/STM32CubeCLT_1.18.0/GNU-tools-for-STM32/bin/../lib/gcc/arm-none-eabi/13.3.1/../../../../arm-none-eabi/lib/thumb/v7e-m+fp/hard\libc_nano.a(libc_a-reent.o) (_impure_ptr)
C:/ST/STM32CubeCLT_1.18.0/GNU-tools-for-STM32/bin/../lib/gcc/arm-none-eabi/13.3.1/../../../../arm-none-eabi/lib/thumb/v7e-m+fp/hard\libc_nano.a(libc_a-lseekr.o)
                              C:/ST/STM32CubeCLT_1.18.0/GNU-tools-for-STM32/bin/../lib/gcc/arm-none-eabi/13.3.1/../../../../arm-none-eabi/lib/thumb/v7e-m+fp/hard\libc_nano.a(libc_a-stdio.o) (_lseek_r)
C:/ST/STM32CubeCLT_1.18.0/GNU-tools-for-STM32/bin/../lib/gcc/arm-none-eabi/13.3.1/../../../../arm-none-eabi/lib/thumb/v7e-m+fp/hard\libc_nano.a(libc_a-readr.o)
                              C:/ST/STM32CubeCLT_1.18.0/GNU-tools-for-STM32/bin/../lib/gcc/arm-none-eabi/13.3.1/../../../../arm-none-eabi/lib/thumb/v7e-m+fp/hard\libc_nano.a(libc_a-stdio.o) (_read_r)
C:/ST/STM32CubeCLT_1.18.0/GNU-tools-for-STM32/bin/../lib/gcc/arm-none-eabi/13.3.1/../../../../arm-none-eabi/lib/thumb/v7e-m+fp/hard\libc_nano.a(libc_a-writer.o)
                              C:/ST/STM32CubeCLT_1.18.0/GNU-tools-for-STM32/bin/../lib/gcc/arm-none-eabi/13.3.1/../../../../arm-none-eabi/lib/thumb/v7e-m+fp/hard\libc_nano.a(libc_a-stdio.o) (_write_r)
C:/ST/STM32CubeCLT_1.18.0/GNU-tools-for-STM32/bin/../lib/gcc/arm-none-eabi/13.3.1/../../../../arm-none-eabi/lib/thumb/v7e-m+fp/hard\libc_nano.a(libc_a-init.o)
                              C:/ST/STM32CubeCLT_1.18.0/GNU-tools-for-STM32/bin/../lib/gcc/arm-none-eabi/13.3.1/../../../../arm-none-eabi/lib/thumb/v7e-m+fp/hard/crt0.o (__libc_init_array)
C:/ST/STM32CubeCLT_1.18.0/GNU-tools-for-STM32/bin/../lib/gcc/arm-none-eabi/13.3.1/../../../../arm-none-eabi/lib/thumb/v7e-m+fp/hard\libc_nano.a(libc_a-lock.o)
                              C:/ST/STM32CubeCLT_1.18.0/GNU-tools-for-STM32/bin/../lib/gcc/arm-none-eabi/13.3.1/../../../../arm-none-eabi/lib/thumb/v7e-m+fp/hard\libc_nano.a(libc_a-findfp.o) (__retarget_lock_init_recursive)
C:/ST/STM32CubeCLT_1.18.0/GNU-tools-for-STM32/bin/../lib/gcc/arm-none-eabi/13.3.1/../../../../arm-none-eabi/lib/thumb/v7e-m+fp/hard\libc_nano.a(libc_a-freer.o)
[...]
Memory Configuration

Name             Origin             Length             Attributes
RAM              0x20000000         0x00030000         xrw
CCMRAM           0x10000000         0x00010000         xrw
FLASH            0x08000000         0x00200000         xr
*default*        0x00000000         0xffffffff

Linker script and memory map

LOAD C:/ST/STM32CubeCLT_1.18.0/GNU-tools-for-STM32/bin/../lib/gcc/arm-none-eabi/13.3.1/thumb/v7e-m+fp/hard/crti.o
LOAD C:/ST/STM32CubeCLT_1.18.0/GNU-tools-for-STM32/bin/../lib/gcc/arm-none-eabi/13.3.1/thumb/v7e-m+fp/hard/crtbegin.o
LOAD C:/ST/STM32CubeCLT_1.18.0/GNU-tools-for-STM32/bin/../lib/gcc/arm-none-eabi/13.3.1/../../../../arm-none-eabi/lib/thumb/v7e-m+fp/hard/crt0.o
START GROUP
LOAD C:/ST/STM32CubeCLT_1.18.0/GNU-tools-for-STM32/bin/../lib/gcc/arm-none-eabi/13.3.1/../../../../arm-none-eabi/lib/thumb/v7e-m+fp/hard\libc_nano.a
LOAD C:/ST/STM32CubeCLT_1.18.0/GNU-tools-for-STM32/bin/../lib/gcc/arm-none-eabi/13.3.1/../../../../arm-none-eabi/lib/thumb/v7e-m+fp/hard\libm.a
END GROUP
LOAD CMakeFiles/VSCHelloWorld.dir/Core/Src/main.c.obj
LOAD CMakeFiles/VSCHelloWorld.dir/Core/Src/freertos.c.obj
LOAD CMakeFiles/VSCHelloWorld.dir/Core/Src/stm32f4xx_it.c.obj
LOAD CMakeFiles/VSCHelloWorld.dir/Core/Src/stm32f4xx_hal_msp.c.obj
LOAD CMakeFiles/VSCHelloWorld.dir/Core/Src/stm32f4xx_hal_timebase_tim.c.obj
LOAD CMakeFiles/VSCHelloWorld.dir/Drivers/STM32F4xx_HAL_Driver/Src/stm32f4xx_hal_tim.c.obj
LOAD CMakeFiles/VSCHelloWorld.dir/Drivers/STM32F4xx_HAL_Driver/Src/stm32f4xx_hal_tim_ex.c.obj
LOAD CMakeFiles/VSCHelloWorld.dir/Drivers/STM32F4xx_HAL_Driver/Src/stm32f4xx_hal_rcc.c.obj
LOAD CMakeFiles/VSCHelloWorld.dir/Drivers/STM32F4xx_HAL_Driver/Src/stm32f4xx_hal_rcc_ex.c.obj
LOAD CMakeFiles/VSCHelloWorld.dir/Drivers/STM32F4xx_HAL_Driver/Src/stm32f4xx_hal_flash.c.obj
LOAD CMakeFiles/VSCHelloWorld.dir/Drivers/STM32F4xx_HAL_Driver/Src/stm32f4xx_hal_flash_ex.c.obj
LOAD CMakeFiles/VSCHelloWorld.dir/Drivers/STM32F4xx_HAL_Driver/Src/stm32f4xx_hal_flash_ramfunc.c.obj
LOAD CMakeFiles/VSCHelloWorld.dir/Drivers/STM32F4xx_HAL_Driver/Src/stm32f4xx_hal_gpio.c.obj
LOAD CMakeFiles/VSCHelloWorld.dir/Drivers/STM32F4xx_HAL_Driver/Src/stm32f4xx_hal_dma_ex.c.obj
LOAD CMakeFiles/VSCHelloWorld.dir/Drivers/STM32F4xx_HAL_Driver/Src/stm32f4xx_hal_dma.c.obj
LOAD CMakeFiles/VSCHelloWorld.dir/Drivers/STM32F4xx_HAL_Driver/Src/stm32f4xx_hal_pwr.c.obj
LOAD CMakeFiles/VSCHelloWorld.dir/Drivers/STM32F4xx_HAL_Driver/Src/stm32f4xx_hal_pwr_ex.c.obj
LOAD CMakeFiles/VSCHelloWorld.dir/Drivers/STM32F4xx_HAL_Driver/Src/stm32f4xx_hal_cortex.c.obj
LOAD CMakeFiles/VSCHelloWorld.dir/Drivers/STM32F4xx_HAL_Driver/Src/stm32f4xx_hal.c.obj
LOAD CMakeFiles/VSCHelloWorld.dir/Drivers/STM32F4xx_HAL_Driver/Src/stm32f4xx_hal_exti.c.obj
LOAD CMakeFiles/VSCHelloWorld.dir/Drivers/STM32F4xx_HAL_Driver/Src/stm32f4xx_hal_eth.c.obj
LOAD CMakeFiles/VSCHelloWorld.dir/Drivers/STM32F4xx_HAL_Driver/Src/stm32f4xx_hal_uart.c.obj
LOAD CMakeFiles/VSCHelloWorld.dir/Drivers/STM32F4xx_HAL_Driver/Src/stm32f4xx_hal_pcd.c.obj
LOAD CMakeFiles/VSCHelloWorld.dir/Drivers/STM32F4xx_HAL_Driver/Src/stm32f4xx_hal_pcd_ex.c.obj
LOAD CMakeFiles/VSCHelloWorld.dir/Drivers/STM32F4xx_HAL_Driver/Src/stm32f4xx_ll_usb.c.obj
LOAD CMakeFiles/VSCHelloWorld.dir/Core/Src/system_stm32f4xx.c.obj
LOAD CMakeFiles/VSCHelloWorld.dir/Middlewares/Third_Party/FreeRTOS/Source/croutine.c.obj
LOAD CMakeFiles/VSCHelloWorld.dir/Middlewares/Third_Party/FreeRTOS/Source/event_groups.c.obj
LOAD CMakeFiles/VSCHelloWorld.dir/Middlewares/Third_Party/FreeRTOS/Source/list.c.obj
LOAD CMakeFiles/VSCHelloWorld.dir/Middlewares/Third_Party/FreeRTOS/Source/queue.c.obj
LOAD CMakeFiles/VSCHelloWorld.dir/Middlewares/Third_Party/FreeRTOS/Source/stream_buffer.c.obj
LOAD CMakeFiles/VSCHelloWorld.dir/Middlewares/Third_Party/FreeRTOS/Source/tasks.c.obj
LOAD CMakeFiles/VSCHelloWorld.dir/Middlewares/Third_Party/FreeRTOS/Source/timers.c.obj
LOAD CMakeFiles/VSCHelloWorld.dir/Middlewares/Third_Party/FreeRTOS/Source/CMSIS_RTOS/cmsis_os.c.obj
LOAD CMakeFiles/VSCHelloWorld.dir/Middlewares/Third_Party/FreeRTOS/Source/portable/MemMang/heap_4.c.obj
LOAD CMakeFiles/VSCHelloWorld.dir/Middlewares/Third_Party/FreeRTOS/Source/portable/GCC/ARM_CM4F/port.c.obj
LOAD CMakeFiles/VSCHelloWorld.dir/Core/Src/sysmem.c.obj
LOAD CMakeFiles/VSCHelloWorld.dir/Core/Src/syscalls.c.obj
LOAD CMakeFiles/VSCHelloWorld.dir/startup_stm32f429xx.s.obj
START GROUP
LOAD C:/ST/STM32CubeCLT_1.18.0/GNU-tools-for-STM32/bin/../lib/gcc/arm-none-eabi/13.3.1/thumb/v7e-m+fp/hard\libgcc.a
LOAD C:/ST/STM32CubeCLT_1.18.0/GNU-tools-for-STM32/bin/../lib/gcc/arm-none-eabi/13.3.1/../../../../arm-none-eabi/lib/thumb/v7e-m+fp/hard\libg_nano.a
LOAD C:/ST/STM32CubeCLT_1.18.0/GNU-tools-for-STM32/bin/../lib/gcc/arm-none-eabi/13.3.1/../../../../arm-none-eabi/lib/thumb/v7e-m+fp/hard\libc_nano.a
END GROUP
START GROUP
LOAD C:/ST/STM32CubeCLT_1.18.0/GNU-tools-for-STM32/bin/../lib/gcc/arm-none-eabi/13.3.1/thumb/v7e-m+fp/hard\libgcc.a
LOAD C:/ST/STM32CubeCLT_1.18.0/GNU-tools-for-STM32/bin/../lib/gcc/arm-none-eabi/13.3.1/../../../../arm-none-eabi/lib/thumb/v7e-m+fp/hard\libc_nano.a
END GROUP
LOAD C:/ST/STM32CubeCLT_1.18.0/GNU-tools-for-STM32/bin/../lib/gcc/arm-none-eabi/13.3.1/thumb/v7e-m+fp/hard/crtend.o
LOAD C:/ST/STM32CubeCLT_1.18.0/GNU-tools-for-STM32/bin/../lib/gcc/arm-none-eabi/13.3.1/thumb/v7e-m+fp/hard/crtn.o
                0x20030000                        _estack = (ORIGIN (RAM) + LENGTH (RAM))
                0x00000200                        _Min_Heap_Size = 0x200
                0x00000400                        _Min_Stack_Size = 0x400

.isr_vector     0x08000000      0x1ac
                0x08000000                        . = ALIGN (0x4)
 *(.isr_vector)
 .isr_vector    0x08000000      0x1ac CMakeFiles/VSCHelloWorld.dir/startup_stm32f429xx.s.obj
                0x08000000                g_pfnVectors
                0x080001ac                        . = ALIGN (0x4)

.text           0x080001b0     0x4ea4
                0x080001b0                        . = ALIGN (0x4)
 *(.text)
 .text          0x080001b0       0x40 C:/ST/STM32CubeCLT_1.18.0/GNU-tools-for-STM32/bin/../lib/gcc/arm-none-eabi/13.3.1/thumb/v7e-m+fp/hard/crtbegin.o
 .text          0x080001f0       0x30 C:/ST/STM32CubeCLT_1.18.0/GNU-tools-for-STM32/bin/../lib/gcc/arm-none-eabi/13.3.1/thumb/v7e-m+fp/hard\libgcc.a(_aeabi_uldivmod.o)
                0x080001f0                __aeabi_uldivmod
 .text          0x08000220      0x2f8 C:/ST/STM32CubeCLT_1.18.0/GNU-tools-for-STM32/bin/../lib/gcc/arm-none-eabi/13.3.1/thumb/v7e-m+fp/hard\libgcc.a(_udivmoddi4.o)
                0x08000220                __udivmoddi4
 .text          0x08000518        0x4 C:/ST/STM32CubeCLT_1.18.0/GNU-tools-for-STM32/bin/../lib/gcc/arm-none-eabi/13.3.1/thumb/v7e-m+fp/hard\libgcc.a(_dvmd_tls.o)
                0x08000518                __aeabi_idiv0
                0x08000518                __aeabi_ldiv0
 .text          0x0800051c       0x10 C:/ST/STM32CubeCLT_1.18.0/GNU-tools-for-STM32/bin/../lib/gcc/arm-none-eabi/13.3.1/../../../../arm-none-eabi/lib/thumb/v7e-m+fp/hard\libg_nano.a(libc_a-strlen.o)
                0x0800051c                strlen
 *(.text*)
 .text.memset   0x0800052c       0x10 C:/ST/STM32CubeCLT_1.18.0/GNU-tools-for-STM32/bin/../lib/gcc/arm-none-eabi/13.3.1/../../../../arm-none-eabi/lib/thumb/v7e-m+fp/hard\libc_nano.a(libc_a-memset.o)
                0x0800052c                memset
 .text.__libc_init_array
                0x0800053c       0x48 C:/ST/STM32CubeCLT_1.18.0/GNU-tools-for-STM32/bin/../lib/gcc/arm-none-eabi/13.3.1/../../../../arm-none-eabi/lib/thumb/v7e-m+fp/hard\libc_nano.a(libc_a-init.o)
                0x0800053c                __libc_init_array
 .text.main     0x08000584       0xc0 CMakeFiles/VSCHelloWorld.dir/Core/Src/main.c.obj
                0x08000584                main
 .text.SystemClock_Config
                0x08000644       0xd4 CMakeFiles/VSCHelloWorld.dir/Core/Src/main.c.obj
                0x08000644                SystemClock_Config
 .text.MX_ETH_Init
                0x08000718       0x9c CMakeFiles/VSCHelloWorld.dir/Core/Src/main.c.obj
 .text.MX_USART3_UART_Init
                0x080007b4       0x54 CMakeFiles/VSCHelloWorld.dir/Core/Src/main.c.obj
 .text.MX_USB_OTG_FS_PCD_Init
                0x08000808       0x5c CMakeFiles/VSCHelloWorld.dir/Core/Src/main.c.obj
 .text.MX_GPIO_Init
                0x08000864      0x15c CMakeFiles/VSCHelloWorld.dir/Core/Src/main.c.obj
 .text.uart_print
                0x080009c0       0x2c CMakeFiles/VSCHelloWorld.dir/Core/Src/main.c.obj
                0x080009c0                uart_print
 .text.Task1_init
                0x080009ec       0x20 CMakeFiles/VSCHelloWorld.dir/Core/Src/main.c.obj
                0x080009ec                Task1_init
 .text.Task2_init
                0x08000a0c       0x20 CMakeFiles/VSCHelloWorld.dir/Core/Src/main.c.obj
                0x08000a0c                Task2_init
 .text.Task3_init
                0x08000a2c       0x20 CMakeFiles/VSCHelloWorld.dir/Core/Src/main.c.obj
                0x08000a2c                Task3_init
 .text.HAL_TIM_PeriodElapsedCallback
                0x08000a4c       0x24 CMakeFiles/VSCHelloWorld.dir/Core/Src/main.c.obj
                0x08000a4c                HAL_TIM_PeriodElapsedCallback
 .text.Error_Handler
                0x08000a70        0xc CMakeFiles/VSCHelloWorld.dir/Core/Src/main.c.obj
                0x08000a70                Error_Handler
 .text.vApplicationGetIdleTaskMemory
                0x08000a7c       0x34 CMakeFiles/VSCHelloWorld.dir/Core/Src/freertos.c.obj
                0x08000a7c                vApplicationGetIdleTaskMemory
 .text.NMI_Handler
                0x08000ab0        0x8 CMakeFiles/VSCHelloWorld.dir/Core/Src/stm32f4xx_it.c.obj
                0x08000ab0                NMI_Handler
 .text.HardFault_Handler
                0x08000ab8        0x8 CMakeFiles/VSCHelloWorld.dir/Core/Src/stm32f4xx_it.c.obj
                0x08000ab8                HardFault_Handler
 .text.MemManage_Handler
                0x08000ac0        0x8 CMakeFiles/VSCHelloWorld.dir/Core/Src/stm32f4xx_it.c.obj
                0x08000ac0                MemManage_Handler
 .text.BusFault_Handler
                0x08000ac8        0x8 CMakeFiles/VSCHelloWorld.dir/Core/Src/stm32f4xx_it.c.obj
                0x08000ac8                BusFault_Handler
 .text.UsageFault_Handler
                0x08000ad0        0x8 CMakeFiles/VSCHelloWorld.dir/Core/Src/stm32f4xx_it.c.obj
                0x08000ad0                UsageFault_Handler
 .text.DebugMon_Handler
                0x08000ad8        0xe CMakeFiles/VSCHelloWorld.dir/Core/Src/stm32f4xx_it.c.obj
                0x08000ad8                DebugMon_Handler
 *fill*         0x08000ae6        0x2 
 .text.TIM1_UP_TIM10_IRQHandler
                0x08000ae8       0x14 CMakeFiles/VSCHelloWorld.dir/Core/Src/stm32f4xx_it.c.obj
                0x08000ae8                TIM1_UP_TIM10_IRQHandler
 .text.HAL_MspInit
                0x08000afc       0x58 CMakeFiles/VSCHelloWorld.dir/Core/Src/stm32f4xx_hal_msp.c.obj
                0x08000afc                HAL_MspInit
 .text.HAL_ETH_MspInit
                0x08000b54      0x18c CMakeFiles/VSCHelloWorld.dir/Core/Src/stm32f4xx_hal_msp.c.obj
                0x08000b54                HAL_ETH_MspInit
 .text.HAL_UART_MspInit
                0x08000ce0       0x90 CMakeFiles/VSCHelloWorld.dir/Core/Src/stm32f4xx_hal_msp.c.obj
                0x08000ce0                HAL_UART_MspInit
 .text.HAL_PCD_MspInit
                0x08000d70       0xb4 CMakeFiles/VSCHelloWorld.dir/Core/Src/stm32f4xx_hal_msp.c.obj
                0x08000d70                HAL_PCD_MspInit
 .text.HAL_InitTick
                0x08000e24       0xe8 CMakeFiles/VSCHelloWorld.dir/Core/Src/stm32f4xx_hal_timebase_tim.c.obj
                0x08000e24                HAL_InitTick
 .text.HAL_TIM_Base_Init
                0x08000f0c       0x9e CMakeFiles/VSCHelloWorld.dir/Drivers/STM32F4xx_HAL_Driver/Src/stm32f4xx_hal_tim.c.obj
                0x08000f0c                HAL_TIM_Base_Init
 .text.HAL_TIM_Base_MspInit
                0x08000faa       0x14 CMakeFiles/VSCHelloWorld.dir/Drivers/STM32F4xx_HAL_Driver/Src/stm32f4xx_hal_tim.c.obj
                0x08000faa                HAL_TIM_Base_MspInit
 *fill*         0x08000fbe        0x2 
 .text.HAL_TIM_Base_Start_IT
                0x08000fc0       0xe0 CMakeFiles/VSCHelloWorld.dir/Drivers/STM32F4xx_HAL_Driver/Src/stm32f4xx_hal_tim.c.obj
                0x08000fc0                HAL_TIM_Base_Start_IT
 .text.HAL_TIM_IRQHandler
                0x080010a0      0x1e0 CMakeFiles/VSCHelloWorld.dir/Drivers/STM32F4xx_HAL_Driver/Src/stm32f4xx_hal_tim.c.obj
                0x080010a0                HAL_TIM_IRQHandler
 .text.HAL_TIM_OC_DelayElapsedCallback
                0x08001280       0x14 CMakeFiles/VSCHelloWorld.dir/Drivers/STM32F4xx_HAL_Driver/Src/stm32f4xx_hal_tim.c.obj
                0x08001280                HAL_TIM_OC_DelayElapsedCallback
 .text.HAL_TIM_IC_CaptureCallback
                0x08001294       0x14 CMakeFiles/VSCHelloWorld.dir/Drivers/STM32F4xx_HAL_Driver/Src/stm32f4xx_hal_tim.c.obj
                0x08001294                HAL_TIM_IC_CaptureCallback
 .text.HAL_TIM_PWM_PulseFinishedCallback
                0x080012a8       0x14 CMakeFiles/VSCHelloWorld.dir/Drivers/STM32F4xx_HAL_Driver/Src/stm32f4xx_hal_tim.c.obj
                0x080012a8                HAL_TIM_PWM_PulseFinishedCallback
 .text.HAL_TIM_TriggerCallback
                0x080012bc       0x14 CMakeFiles/VSCHelloWorld.dir/Drivers/STM32F4xx_HAL_Driver/Src/stm32f4xx_hal_tim.c.obj
                0x080012bc                HAL_TIM_TriggerCallback
 .text.TIM_Base_SetConfig
                0x080012d0      0x14c CMakeFiles/VSCHelloWorld.dir/Drivers/STM32F4xx_HAL_Driver/Src/stm32f4xx_hal_tim.c.obj
                0x080012d0                TIM_Base_SetConfig
 .text.HAL_TIMEx_CommutCallback
                0x0800141c       0x14 CMakeFiles/VSCHelloWorld.dir/Drivers/STM32F4xx_HAL_Driver/Src/stm32f4xx_hal_tim_ex.c.obj
                0x0800141c                HAL_TIMEx_CommutCallback
 .text.HAL_TIMEx_BreakCallback
                0x08001430       0x14 CMakeFiles/VSCHelloWorld.dir/Drivers/STM32F4xx_HAL_Driver/Src/stm32f4xx_hal_tim_ex.c.obj
                0x08001430                HAL_TIMEx_BreakCallback
 .text.HAL_RCC_OscConfig
                0x08001444      0x4f0 CMakeFiles/VSCHelloWorld.dir/Drivers/STM32F4xx_HAL_Driver/Src/stm32f4xx_hal_rcc.c.obj
                0x08001444                HAL_RCC_OscConfig
 .text.HAL_RCC_ClockConfig
                0x08001934      0x1cc CMakeFiles/VSCHelloWorld.dir/Drivers/STM32F4xx_HAL_Driver/Src/stm32f4xx_hal_rcc.c.obj
                0x08001934                HAL_RCC_ClockConfig
 .text.HAL_RCC_GetSysClockFreq
                0x08001b00      0x20c CMakeFiles/VSCHelloWorld.dir/Drivers/STM32F4xx_HAL_Driver/Src/stm32f4xx_hal_rcc.c.obj
                0x08001b00                HAL_RCC_GetSysClockFreq
 .text.HAL_RCC_GetHCLKFreq
                0x08001d0c       0x18 CMakeFiles/VSCHelloWorld.dir/Drivers/STM32F4xx_HAL_Driver/Src/stm32f4xx_hal_rcc.c.obj
                0x08001d0c                HAL_RCC_GetHCLKFreq
 .text.HAL_RCC_GetPCLK1Freq
                0x08001d24       0x28 CMakeFiles/VSCHelloWorld.dir/Drivers/STM32F4xx_HAL_Driver/Src/stm32f4xx_hal_rcc.c.obj
                0x08001d24                HAL_RCC_GetPCLK1Freq
 .text.HAL_RCC_GetPCLK2Freq
                0x08001d4c       0x28 CMakeFiles/VSCHelloWorld.dir/Drivers/STM32F4xx_HAL_Driver/Src/stm32f4xx_hal_rcc.c.obj
                0x08001d4c                HAL_RCC_GetPCLK2Freq
 .text.HAL_RCC_GetClockConfig
                0x08001d74       0x64 CMakeFiles/VSCHelloWorld.dir/Drivers/STM32F4xx_HAL_Driver/Src/stm32f4xx_hal_rcc.c.obj
                0x08001d74                HAL_RCC_GetClockConfig
 .text.HAL_GPIO_Init
                0x08001dd8      0x358 CMakeFiles/VSCHelloWorld.dir/Drivers/STM32F4xx_HAL_Driver/Src/stm32f4xx_hal_gpio.c.obj
                0x08001dd8                HAL_GPIO_Init
 .text.HAL_GPIO_WritePin
                0x08002130       0x32 CMakeFiles/VSCHelloWorld.dir/Drivers/STM32F4xx_HAL_Driver/Src/stm32f4xx_hal_gpio.c.obj
                0x08002130                HAL_GPIO_WritePin
 .text.HAL_GPIO_TogglePin
                0x08002162       0x34 CMakeFiles/VSCHelloWorld.dir/Drivers/STM32F4xx_HAL_Driver/Src/stm32f4xx_hal_gpio.c.obj
                0x08002162                HAL_GPIO_TogglePin
 *fill*         0x08002196        0x2 
 .text.__NVIC_SetPriorityGrouping
                0x08002198       0x48 CMakeFiles/VSCHelloWorld.dir/Drivers/STM32F4xx_HAL_Driver/Src/stm32f4xx_hal_cortex.c.obj
 .text.__NVIC_GetPriorityGrouping
                0x080021e0       0x1c CMakeFiles/VSCHelloWorld.dir/Drivers/STM32F4xx_HAL_Driver/Src/stm32f4xx_hal_cortex.c.obj
 .text.__NVIC_EnableIRQ
                0x080021fc       0x3c CMakeFiles/VSCHelloWorld.dir/Drivers/STM32F4xx_HAL_Driver/Src/stm32f4xx_hal_cortex.c.obj
 .text.__NVIC_SetPriority
                0x08002238       0x54 CMakeFiles/VSCHelloWorld.dir/Drivers/STM32F4xx_HAL_Driver/Src/stm32f4xx_hal_cortex.c.obj
 .text.NVIC_EncodePriority
                0x0800228c       0x66 CMakeFiles/VSCHelloWorld.dir/Drivers/STM32F4xx_HAL_Driver/Src/stm32f4xx_hal_cortex.c.obj
 .text.HAL_NVIC_SetPriorityGrouping
                0x080022f2       0x16 CMakeFiles/VSCHelloWorld.dir/Drivers/STM32F4xx_HAL_Driver/Src/stm32f4xx_hal_cortex.c.obj
                0x080022f2                HAL_NVIC_SetPriorityGrouping
 .text.HAL_NVIC_SetPriority
                0x08002308       0x38 CMakeFiles/VSCHelloWorld.dir/Drivers/STM32F4xx_HAL_Driver/Src/stm32f4xx_hal_cortex.c.obj
                0x08002308                HAL_NVIC_SetPriority
 .text.HAL_NVIC_EnableIRQ
                0x08002340       0x1c CMakeFiles/VSCHelloWorld.dir/Drivers/STM32F4xx_HAL_Driver/Src/stm32f4xx_hal_cortex.c.obj
                0x08002340                HAL_NVIC_EnableIRQ
 .text.HAL_Init
                0x0800235c       0x44 CMakeFiles/VSCHelloWorld.dir/Drivers/STM32F4xx_HAL_Driver/Src/stm32f4xx_hal.c.obj
                0x0800235c                HAL_Init
 .text.HAL_IncTick
                0x080023a0       0x28 CMakeFiles/VSCHelloWorld.dir/Drivers/STM32F4xx_HAL_Driver/Src/stm32f4xx_hal.c.obj
                0x080023a0                HAL_IncTick
 .text.HAL_GetTick
                0x080023c8       0x18 CMakeFiles/VSCHelloWorld.dir/Drivers/STM32F4xx_HAL_Driver/Src/stm32f4xx_hal.c.obj
                0x080023c8                HAL_GetTick
 .text.HAL_Delay
                0x080023e0       0x48 CMakeFiles/VSCHelloWorld.dir/Drivers/STM32F4xx_HAL_Driver/Src/stm32f4xx_hal.c.obj
                0x080023e0                HAL_Delay
 .text.HAL_ETH_Init
                0x08002428      0x138 CMakeFiles/VSCHelloWorld.dir/Drivers/STM32F4xx_HAL_Driver/Src/stm32f4xx_hal_eth.c.obj
                0x08002428                HAL_ETH_Init
 .text.ETH_SetMACConfig
                0x08002560      0x168 CMakeFiles/VSCHelloWorld.dir/Drivers/STM32F4xx_HAL_Driver/Src/stm32f4xx_hal_eth.c.obj
 .text.ETH_SetDMAConfig
                0x080026c8      0x114 CMakeFiles/VSCHelloWorld.dir/Drivers/STM32F4xx_HAL_Driver/Src/stm32f4xx_hal_eth.c.obj
 .text.ETH_MACDMAConfig
                0x080027dc       0xea CMakeFiles/VSCHelloWorld.dir/Drivers/STM32F4xx_HAL_Driver/Src/stm32f4xx_hal_eth.c.obj
 *fill*         0x080028c6        0x2 
 .text.ETH_MACAddressConfig
                0x080028c8       0x70 CMakeFiles/VSCHelloWorld.dir/Drivers/STM32F4xx_HAL_Driver/Src/stm32f4xx_hal_eth.c.obj
 .text.ETH_DMATxDescListInit
                0x08002938       0xb2 CMakeFiles/VSCHelloWorld.dir/Drivers/STM32F4xx_HAL_Driver/Src/stm32f4xx_hal_eth.c.obj
 .text.ETH_DMARxDescListInit
                0x080029ea       0xde CMakeFiles/VSCHelloWorld.dir/Drivers/STM32F4xx_HAL_Driver/Src/stm32f4xx_hal_eth.c.obj
 .text.HAL_UART_Init
                0x08002ac8       0xa0 CMakeFiles/VSCHelloWorld.dir/Drivers/STM32F4xx_HAL_Driver/Src/stm32f4xx_hal_uart.c.obj
                0x08002ac8                HAL_UART_Init
 .text.HAL_UART_Transmit
                0x08002b68      0x116 CMakeFiles/VSCHelloWorld.dir/Drivers/STM32F4xx_HAL_Driver/Src/stm32f4xx_hal_uart.c.obj
                0x08002b68                HAL_UART_Transmit
 .text.UART_WaitOnFlagUntilTimeout
                0x08002c7e       0xb2 CMakeFiles/VSCHelloWorld.dir/Drivers/STM32F4xx_HAL_Driver/Src/stm32f4xx_hal_uart.c.obj
 .text.UART_EndRxTransfer
                0x08002d30       0xc6 CMakeFiles/VSCHelloWorld.dir/Drivers/STM32F4xx_HAL_Driver/Src/stm32f4xx_hal_uart.c.obj
 *fill*         0x08002df6        0x2 
 .text.UART_SetConfig
                0x08002df8      0x4e8 CMakeFiles/VSCHelloWorld.dir/Drivers/STM32F4xx_HAL_Driver/Src/stm32f4xx_hal_uart.c.obj
 .text.HAL_PCD_Init
                0x080032e0      0x21e CMakeFiles/VSCHelloWorld.dir/Drivers/STM32F4xx_HAL_Driver/Src/stm32f4xx_hal_pcd.c.obj
                0x080032e0                HAL_PCD_Init
 .text.USB_CoreInit
                0x080034fe       0xc8 CMakeFiles/VSCHelloWorld.dir/Drivers/STM32F4xx_HAL_Driver/Src/stm32f4xx_ll_usb.c.obj
                0x080034fe                USB_CoreInit
 .text.USB_DisableGlobalInt
                0x080035c6       0x22 CMakeFiles/VSCHelloWorld.dir/Drivers/STM32F4xx_HAL_Driver/Src/stm32f4xx_ll_usb.c.obj
                0x080035c6                USB_DisableGlobalInt
 .text.USB_SetCurrentMode
                0x080035e8       0x98 CMakeFiles/VSCHelloWorld.dir/Drivers/STM32F4xx_HAL_Driver/Src/stm32f4xx_ll_usb.c.obj
                0x080035e8                USB_SetCurrentMode
 .text.USB_DevInit
                0x08003680      0x2c8 CMakeFiles/VSCHelloWorld.dir/Drivers/STM32F4xx_HAL_Driver/Src/stm32f4xx_ll_usb.c.obj
                0x08003680                USB_DevInit
 .text.USB_FlushTxFifo
                0x08003948       0x64 CMakeFiles/VSCHelloWorld.dir/Drivers/STM32F4xx_HAL_Driver/Src/stm32f4xx_ll_usb.c.obj
                0x08003948                USB_FlushTxFifo
 .text.USB_FlushRxFifo
                0x080039ac       0x5c CMakeFiles/VSCHelloWorld.dir/Drivers/STM32F4xx_HAL_Driver/Src/stm32f4xx_ll_usb.c.obj
                0x080039ac                USB_FlushRxFifo
 .text.USB_SetDevSpeed
                0x08003a08       0x32 CMakeFiles/VSCHelloWorld.dir/Drivers/STM32F4xx_HAL_Driver/Src/stm32f4xx_ll_usb.c.obj
                0x08003a08                USB_SetDevSpeed
 .text.USB_DevDisconnect
                0x08003a3a       0x42 CMakeFiles/VSCHelloWorld.dir/Drivers/STM32F4xx_HAL_Driver/Src/stm32f4xx_ll_usb.c.obj
                0x08003a3a                USB_DevDisconnect
 .text.USB_GetMode
                0x08003a7c       0x1c CMakeFiles/VSCHelloWorld.dir/Drivers/STM32F4xx_HAL_Driver/Src/stm32f4xx_ll_usb.c.obj
                0x08003a7c                USB_GetMode
 .text.USB_CoreReset
                0x08003a98       0x70 CMakeFiles/VSCHelloWorld.dir/Drivers/STM32F4xx_HAL_Driver/Src/stm32f4xx_ll_usb.c.obj
 .text.SystemInit
                0x08003b08       0x24 CMakeFiles/VSCHelloWorld.dir/Core/Src/system_stm32f4xx.c.obj
                0x08003b08                SystemInit
 .text.vListInitialise
                0x08003b2c       0x40 CMakeFiles/VSCHelloWorld.dir/Middlewares/Third_Party/FreeRTOS/Source/list.c.obj
                0x08003b2c                vListInitialise
 .text.vListInitialiseItem
                0x08003b6c       0x1a CMakeFiles/VSCHelloWorld.dir/Middlewares/Third_Party/FreeRTOS/Source/list.c.obj
                0x08003b6c                vListInitialiseItem
 .text.vListInsertEnd
                0x08003b86       0x48 CMakeFiles/VSCHelloWorld.dir/Middlewares/Third_Party/FreeRTOS/Source/list.c.obj
                0x08003b86                vListInsertEnd
 .text.vListInsert
                0x08003bce       0x72 CMakeFiles/VSCHelloWorld.dir/Middlewares/Third_Party/FreeRTOS/Source/list.c.obj
                0x08003bce                vListInsert
 .text.uxListRemove
                0x08003c40       0x54 CMakeFiles/VSCHelloWorld.dir/Middlewares/Third_Party/FreeRTOS/Source/list.c.obj
                0x08003c40                uxListRemove
 .text.xTaskCreateStatic
                0x08003c94       0xc0 CMakeFiles/VSCHelloWorld.dir/Middlewares/Third_Party/FreeRTOS/Source/tasks.c.obj
                0x08003c94                xTaskCreateStatic
 .text.xTaskCreate
                0x08003d54       0x8a CMakeFiles/VSCHelloWorld.dir/Middlewares/Third_Party/FreeRTOS/Source/tasks.c.obj
                0x08003d54                xTaskCreate
 .text.prvInitialiseNewTask
                0x08003dde      0x110 CMakeFiles/VSCHelloWorld.dir/Middlewares/Third_Party/FreeRTOS/Source/tasks.c.obj
 *fill*         0x08003eee        0x2 
 .text.prvAddNewTaskToReadyList
                0x08003ef0       0xd4 CMakeFiles/VSCHelloWorld.dir/Middlewares/Third_Party/FreeRTOS/Source/tasks.c.obj
 .text.vTaskDelay
                0x08003fc4       0x6c CMakeFiles/VSCHelloWorld.dir/Middlewares/Third_Party/FreeRTOS/Source/tasks.c.obj
                0x08003fc4                vTaskDelay
 .text.vTaskStartScheduler
                0x08004030       0xc4 CMakeFiles/VSCHelloWorld.dir/Middlewares/Third_Party/FreeRTOS/Source/tasks.c.obj
                0x08004030                vTaskStartScheduler
 .text.vTaskSuspendAll
                0x080040f4       0x1c CMakeFiles/VSCHelloWorld.dir/Middlewares/Third_Party/FreeRTOS/Source/tasks.c.obj
                0x080040f4                vTaskSuspendAll
 .text.xTaskResumeAll
                0x08004110      0x13c CMakeFiles/VSCHelloWorld.dir/Middlewares/Third_Party/FreeRTOS/Source/tasks.c.obj
                0x08004110                xTaskResumeAll
 .text.xTaskIncrementTick
                0x0800424c      0x174 CMakeFiles/VSCHelloWorld.dir/Middlewares/Third_Party/FreeRTOS/Source/tasks.c.obj
                0x0800424c                xTaskIncrementTick
 .text.vTaskSwitchContext
                0x080043c0       0xb8 CMakeFiles/VSCHelloWorld.dir/Middlewares/Third_Party/FreeRTOS/Source/tasks.c.obj
                0x080043c0                vTaskSwitchContext
 .text.prvIdleTask
                0x08004478       0x30 CMakeFiles/VSCHelloWorld.dir/Middlewares/Third_Party/FreeRTOS/Source/tasks.c.obj
 .text.prvInitialiseTaskLists
                0x080044a8       0x80 CMakeFiles/VSCHelloWorld.dir/Middlewares/Third_Party/FreeRTOS/Source/tasks.c.obj
 .text.prvCheckTasksWaitingTermination
                0x08004528       0x5c CMakeFiles/VSCHelloWorld.dir/Middlewares/Third_Party/FreeRTOS/Source/tasks.c.obj
 .text.prvDeleteTCB
                0x08004584       0x60 CMakeFiles/VSCHelloWorld.dir/Middlewares/Third_Party/FreeRTOS/Source/tasks.c.obj
 .text.prvResetNextTaskUnblockTime
                0x080045e4       0x40 CMakeFiles/VSCHelloWorld.dir/Middlewares/Third_Party/FreeRTOS/Source/tasks.c.obj
 .text.prvAddCurrentTaskToDelayedList
                0x08004624       0xcc CMakeFiles/VSCHelloWorld.dir/Middlewares/Third_Party/FreeRTOS/Source/tasks.c.obj
 .text.makeFreeRtosPriority
                0x080046f0       0x30 CMakeFiles/VSCHelloWorld.dir/Middlewares/Third_Party/FreeRTOS/Source/CMSIS_RTOS/cmsis_os.c.obj
 .text.osKernelStart
                0x08004720        0xe CMakeFiles/VSCHelloWorld.dir/Middlewares/Third_Party/FreeRTOS/Source/CMSIS_RTOS/cmsis_os.c.obj
                0x08004720                osKernelStart
 .text.osThreadCreate
                0x0800472e       0x98 CMakeFiles/VSCHelloWorld.dir/Middlewares/Third_Party/FreeRTOS/Source/CMSIS_RTOS/cmsis_os.c.obj
                0x0800472e                osThreadCreate
 .text.osDelay  0x080047c6       0x28 CMakeFiles/VSCHelloWorld.dir/Middlewares/Third_Party/FreeRTOS/Source/CMSIS_RTOS/cmsis_os.c.obj
                0x080047c6                osDelay
 *fill*         0x080047ee        0x2 
 .text.pvPortMalloc
                0x080047f0      0x19c CMakeFiles/VSCHelloWorld.dir/Middlewares/Third_Party/FreeRTOS/Source/portable/MemMang/heap_4.c.obj
                0x080047f0                pvPortMalloc
 .text.vPortFree
                0x0800498c       0xc8 CMakeFiles/VSCHelloWorld.dir/Middlewares/Third_Party/FreeRTOS/Source/portable/MemMang/heap_4.c.obj
                0x0800498c                vPortFree
 .text.prvHeapInit
                0x08004a54       0xc4 CMakeFiles/VSCHelloWorld.dir/Middlewares/Third_Party/FreeRTOS/Source/portable/MemMang/heap_4.c.obj
 .text.prvInsertBlockIntoFreeList
                0x08004b18       0xb4 CMakeFiles/VSCHelloWorld.dir/Middlewares/Third_Party/FreeRTOS/Source/portable/MemMang/heap_4.c.obj
 .text.pxPortInitialiseStack
                0x08004bcc       0x68 CMakeFiles/VSCHelloWorld.dir/Middlewares/Third_Party/FreeRTOS/Source/portable/GCC/ARM_CM4F/port.c.obj
                0x08004bcc                pxPortInitialiseStack
 .text.prvTaskExitError
                0x08004c34       0x5c CMakeFiles/VSCHelloWorld.dir/Middlewares/Third_Party/FreeRTOS/Source/portable/GCC/ARM_CM4F/port.c.obj
 .text.SVC_Handler
                0x08004c90       0x28 CMakeFiles/VSCHelloWorld.dir/Middlewares/Third_Party/FreeRTOS/Source/portable/GCC/ARM_CM4F/port.c.obj
                0x08004c90                SVC_Handler
 .text.prvPortStartFirstTask
                0x08004cb8       0x28 CMakeFiles/VSCHelloWorld.dir/Middlewares/Third_Party/FreeRTOS/Source/portable/GCC/ARM_CM4F/port.c.obj
 .text.xPortStartScheduler
                0x08004ce0      0x148 CMakeFiles/VSCHelloWorld.dir/Middlewares/Third_Party/FreeRTOS/Source/portable/GCC/ARM_CM4F/port.c.obj
                0x08004ce0                xPortStartScheduler
 .text.vPortEnterCritical
                0x08004e28       0x64 CMakeFiles/VSCHelloWorld.dir/Middlewares/Third_Party/FreeRTOS/Source/portable/GCC/ARM_CM4F/port.c.obj
                0x08004e28                vPortEnterCritical
 .text.vPortExitCritical
                0x08004e8c       0x54 CMakeFiles/VSCHelloWorld.dir/Middlewares/Third_Party/FreeRTOS/Source/portable/GCC/ARM_CM4F/port.c.obj
                0x08004e8c                vPortExitCritical
 .text.PendSV_Handler
                0x08004ee0       0x68 CMakeFiles/VSCHelloWorld.dir/Middlewares/Third_Party/FreeRTOS/Source/portable/GCC/ARM_CM4F/port.c.obj
                0x08004ee0                PendSV_Handler
 .text.SysTick_Handler
                0x08004f48       0x44 CMakeFiles/VSCHelloWorld.dir/Middlewares/Third_Party/FreeRTOS/Source/portable/GCC/ARM_CM4F/port.c.obj
                0x08004f48                SysTick_Handler
 .text.vPortSetupTimerInterrupt
                0x08004f8c       0x48 CMakeFiles/VSCHelloWorld.dir/Middlewares/Third_Party/FreeRTOS/Source/portable/GCC/ARM_CM4F/port.c.obj
                0x08004f8c                vPortSetupTimerInterrupt
 .text.vPortEnableVFP
                0x08004fd4       0x14 CMakeFiles/VSCHelloWorld.dir/Middlewares/Third_Party/FreeRTOS/Source/portable/GCC/ARM_CM4F/port.c.obj
 .text.Reset_Handler
                0x08004fe8       0x50 CMakeFiles/VSCHelloWorld.dir/startup_stm32f429xx.s.obj
                0x08004fe8                Reset_Handler
 .text.Default_Handler
                0x08005038        0x2 CMakeFiles/VSCHelloWorld.dir/startup_stm32f429xx.s.obj
                0x08005038                RTC_Alarm_IRQHandler
                0x08005038                HASH_RNG_IRQHandler
                0x08005038                EXTI2_IRQHandler
                0x08005038                TIM8_CC_IRQHandler
                0x08005038                UART8_IRQHandler
                0x08005038                SPI4_IRQHandler
                0x08005038                TIM1_CC_IRQHandler
                0x08005038                DMA2_Stream5_IRQHandler
                0x08005038                DMA1_Stream5_IRQHandler
                0x08005038                PVD_IRQHandler
                0x08005038                SDIO_IRQHandler
                0x08005038                TAMP_STAMP_IRQHandler
                0x08005038                CAN2_RX1_IRQHandler
                0x08005038                EXTI3_IRQHandler
                0x08005038                TIM8_TRG_COM_TIM14_IRQHandler
                0x08005038                TIM8_UP_TIM13_IRQHandler
                0x08005038                I2C3_ER_IRQHandler
                0x08005038                EXTI0_IRQHandler
                0x08005038                I2C2_EV_IRQHandler
                0x08005038                DMA1_Stream2_IRQHandler
                0x08005038                CAN1_RX0_IRQHandler
                0x08005038                FPU_IRQHandler
                0x08005038                OTG_HS_WKUP_IRQHandler
                0x08005038                LTDC_ER_IRQHandler
                0x08005038                CAN2_SCE_IRQHandler
                0x08005038                DMA2_Stream2_IRQHandler
                0x08005038                SPI1_IRQHandler
                0x08005038                TIM6_DAC_IRQHandler
                0x08005038                TIM1_BRK_TIM9_IRQHandler
                0x08005038                DCMI_IRQHandler
                0x08005038                CAN2_RX0_IRQHandler
                0x08005038                DMA2_Stream3_IRQHandler
                0x08005038                USART6_IRQHandler
                0x08005038                USART3_IRQHandler
                0x08005038                CAN1_RX1_IRQHandler
                0x08005038                UART5_IRQHandler
                0x08005038                DMA2_Stream0_IRQHandler
                0x08005038                TIM4_IRQHandler
                0x08005038                I2C1_EV_IRQHandler
                0x08005038                DMA1_Stream6_IRQHandler
                0x08005038                DMA1_Stream1_IRQHandler
                0x08005038                UART4_IRQHandler
                0x08005038                TIM3_IRQHandler
                0x08005038                RCC_IRQHandler
                0x08005038                TIM8_BRK_TIM12_IRQHandler
                0x08005038                Default_Handler
                0x08005038                EXTI15_10_IRQHandler
                0x08005038                ADC_IRQHandler
                0x08005038                DMA1_Stream7_IRQHandler
                0x08005038                SPI5_IRQHandler
                0x08005038                TIM7_IRQHandler
                0x08005038                CAN2_TX_IRQHandler
                0x08005038                TIM5_IRQHandler
                0x08005038                DMA2_Stream7_IRQHandler
                0x08005038                I2C3_EV_IRQHandler
                0x08005038                EXTI9_5_IRQHandler
                0x08005038                RTC_WKUP_IRQHandler
                0x08005038                LTDC_IRQHandler
                0x08005038                ETH_WKUP_IRQHandler
                0x08005038                SPI2_IRQHandler
                0x08005038                OTG_HS_EP1_IN_IRQHandler
                0x08005038                DMA1_Stream0_IRQHandler
                0x08005038                CAN1_TX_IRQHandler
                0x08005038                EXTI4_IRQHandler
                0x08005038                ETH_IRQHandler
                0x08005038                OTG_HS_EP1_OUT_IRQHandler
                0x08005038                WWDG_IRQHandler
                0x08005038                SPI6_IRQHandler
                0x08005038                TIM2_IRQHandler
                0x08005038                OTG_FS_WKUP_IRQHandler
                0x08005038                TIM1_TRG_COM_TIM11_IRQHandler
                0x08005038                OTG_HS_IRQHandler
                0x08005038                DMA2D_IRQHandler
                0x08005038                EXTI1_IRQHandler
                0x08005038                UART7_IRQHandler
                0x08005038                USART2_IRQHandler
                0x08005038                I2C2_ER_IRQHandler
                0x08005038                DMA2_Stream1_IRQHandler
                0x08005038                CAN1_SCE_IRQHandler
                0x08005038                FLASH_IRQHandler
                0x08005038                DMA2_Stream4_IRQHandler
                0x08005038                USART1_IRQHandler
                0x08005038                OTG_FS_IRQHandler
                0x08005038                SPI3_IRQHandler
                0x08005038                DMA1_Stream4_IRQHandler
                0x08005038                I2C1_ER_IRQHandler
                0x08005038                FMC_IRQHandler
                0x08005038                DMA2_Stream6_IRQHandler
                0x08005038                SAI1_IRQHandler
                0x08005038                DMA1_Stream3_IRQHandler
 *(.glue_7)
 .glue_7        0x0800503a        0x0 linker stubs
 *(.glue_7t)
 .glue_7t       0x0800503a        0x0 linker stubs
 *(.eh_frame)
 *fill*         0x0800503a        0x2 
 .eh_frame      0x0800503c        0x0 C:/ST/STM32CubeCLT_1.18.0/GNU-tools-for-STM32/bin/../lib/gcc/arm-none-eabi/13.3.1/thumb/v7e-m+fp/hard/crtbegin.o
 *(.init)
 .init          0x0800503c        0x4 C:/ST/STM32CubeCLT_1.18.0/GNU-tools-for-STM32/bin/../lib/gcc/arm-none-eabi/13.3.1/thumb/v7e-m+fp/hard/crti.o
                0x0800503c                _init
 .init          0x08005040        0x8 C:/ST/STM32CubeCLT_1.18.0/GNU-tools-for-STM32/bin/../lib/gcc/arm-none-eabi/13.3.1/thumb/v7e-m+fp/hard/crtn.o
 *(.fini)
 .fini          0x08005048        0x4 C:/ST/STM32CubeCLT_1.18.0/GNU-tools-for-STM32/bin/../lib/gcc/arm-none-eabi/13.3.1/thumb/v7e-m+fp/hard/crti.o
                0x08005048                _fini
 .fini          0x0800504c        0x8 C:/ST/STM32CubeCLT_1.18.0/GNU-tools-for-STM32/bin/../lib/gcc/arm-none-eabi/13.3.1/thumb/v7e-m+fp/hard/crtn.o
                0x08005054                        . = ALIGN (0x4)
                0x08005054                        _etext = .

.vfp11_veneer   0x08005054        0x0
 .vfp11_veneer  0x08005054        0x0 linker stubs

.v4_bx          0x08005054        0x0
 .v4_bx         0x08005054        0x0 linker stubs

.iplt           0x08005054        0x0
 .iplt          0x08005054        0x0 C:/ST/STM32CubeCLT_1.18.0/GNU-tools-for-STM32/bin/../lib/gcc/arm-none-eabi/13.3.1/thumb/v7e-m+fp/hard/crtbegin.o

.rodata         0x08005054       0xd4
                0x08005054                        . = ALIGN (0x4)
 *(.rodata)
 .rodata        0x08005054       0xb3 CMakeFiles/VSCHelloWorld.dir/Core/Src/main.c.obj
 *fill*         0x08005107        0x1 
 .rodata        0x08005108        0x5 CMakeFiles/VSCHelloWorld.dir/Middlewares/Third_Party/FreeRTOS/Source/tasks.c.obj
 *(.rodata*)
 *fill*         0x0800510d        0x3 
 .rodata.AHBPrescTable
                0x08005110       0x10 CMakeFiles/VSCHelloWorld.dir/Core/Src/system_stm32f4xx.c.obj
                0x08005110                AHBPrescTable
 .rodata.APBPrescTable
                0x08005120        0x8 CMakeFiles/VSCHelloWorld.dir/Core/Src/system_stm32f4xx.c.obj
                0x08005120                APBPrescTable
                0x08005128                        . = ALIGN (0x4)

.ARM.extab
 *(.ARM.extab* .gnu.linkonce.armextab.*)

.ARM            0x08005128        0x8
                0x08005128                        __exidx_start = .
 *(.ARM.exidx*)
 .ARM.exidx     0x08005128        0x8 C:/ST/STM32CubeCLT_1.18.0/GNU-tools-for-STM32/bin/../lib/gcc/arm-none-eabi/13.3.1/thumb/v7e-m+fp/hard\libgcc.a(_udivmoddi4.o)
 .ARM.exidx     0x08005130        0x0 C:/ST/STM32CubeCLT_1.18.0/GNU-tools-for-STM32/bin/../lib/gcc/arm-none-eabi/13.3.1/../../../../arm-none-eabi/lib/thumb/v7e-m+fp/hard\libg_nano.a(libc_a-strlen.o)
                                  0x8 (size before relaxing)
                0x08005130                        __exidx_end = .

.rel.dyn        0x08005130        0x0
 .rel.iplt      0x08005130        0x0 C:/ST/STM32CubeCLT_1.18.0/GNU-tools-for-STM32/bin/../lib/gcc/arm-none-eabi/13.3.1/thumb/v7e-m+fp/hard/crtbegin.o

.preinit_array  0x08005130        0x0
                0x08005130                        PROVIDE (__preinit_array_start = .)
 *(.preinit_array*)
                0x08005130                        PROVIDE (__preinit_array_end = .)

.init_array     0x08005130        0x4
                0x08005130                        PROVIDE (__init_array_start = .)
 *(SORT_BY_NAME(.init_array.*))
 *(.init_array*)
 .init_array    0x08005130        0x4 C:/ST/STM32CubeCLT_1.18.0/GNU-tools-for-STM32/bin/../lib/gcc/arm-none-eabi/13.3.1/thumb/v7e-m+fp/hard/crtbegin.o
                0x08005134                        PROVIDE (__init_array_end = .)

.fini_array     0x08005134        0x4
                [!provide]                        PROVIDE (__fini_array_start = .)
 *(SORT_BY_NAME(.fini_array.*))
 *(.fini_array*)
 .fini_array    0x08005134        0x4 C:/ST/STM32CubeCLT_1.18.0/GNU-tools-for-STM32/bin/../lib/gcc/arm-none-eabi/13.3.1/thumb/v7e-m+fp/hard/crtbegin.o
                [!provide]                        PROVIDE (__fini_array_end = .)
                0x08005138                        _sidata = LOADADDR (.data)

.data           0x20000000       0x10 load address 0x08005138
                0x20000000                        . = ALIGN (0x4)
                0x20000000                        _sdata = .
 *(.data)
 *(.data*)
 .data.uwTickPrio
                0x20000000        0x4 CMakeFiles/VSCHelloWorld.dir/Drivers/STM32F4xx_HAL_Driver/Src/stm32f4xx_hal.c.obj
                0x20000000                uwTickPrio
 .data.uwTickFreq
                0x20000004        0x1 CMakeFiles/VSCHelloWorld.dir/Drivers/STM32F4xx_HAL_Driver/Src/stm32f4xx_hal.c.obj
                0x20000004                uwTickFreq
 *fill*         0x20000005        0x3 
 .data.SystemCoreClock
                0x20000008        0x4 CMakeFiles/VSCHelloWorld.dir/Core/Src/system_stm32f4xx.c.obj
                0x20000008                SystemCoreClock
 .data.uxCriticalNesting
                0x2000000c        0x4 CMakeFiles/VSCHelloWorld.dir/Middlewares/Third_Party/FreeRTOS/Source/portable/GCC/ARM_CM4F/port.c.obj
                0x20000010                        . = ALIGN (0x4)
                0x20000010                        _edata = .
                0x08005148                        _siccmram = LOADADDR (.ccmram)

.igot.plt       0x20000010        0x0 load address 0x08005148
 .igot.plt      0x20000010        0x0 C:/ST/STM32CubeCLT_1.18.0/GNU-tools-for-STM32/bin/../lib/gcc/arm-none-eabi/13.3.1/thumb/v7e-m+fp/hard/crtbegin.o

.ccmram         0x10000000        0x0 load address 0x08005148
                0x10000000                        . = ALIGN (0x4)
                0x10000000                        _sccmram = .
 *(.ccmram)
 *(.ccmram*)
                0x10000000                        . = ALIGN (0x4)
                0x10000000                        _eccmram = .
                0x10000000                        . = ALIGN (0x4)

.bss            0x20000010     0x4778
                0x20000010                        _sbss = .
                0x20000010                        __bss_start__ = _sbss
 *(.bss)
 .bss           0x20000010       0x1c C:/ST/STM32CubeCLT_1.18.0/GNU-tools-for-STM32/bin/../lib/gcc/arm-none-eabi/13.3.1/thumb/v7e-m+fp/hard/crtbegin.o
 *(.bss*)
 .bss.TxConfig  0x2000002c       0x38 CMakeFiles/VSCHelloWorld.dir/Core/Src/main.c.obj
                0x2000002c                TxConfig
 .bss.DMARxDscrTab
                0x20000064       0xa0 CMakeFiles/VSCHelloWorld.dir/Core/Src/main.c.obj
                0x20000064                DMARxDscrTab
 .bss.DMATxDscrTab
                0x20000104       0xa0 CMakeFiles/VSCHelloWorld.dir/Core/Src/main.c.obj
                0x20000104                DMATxDscrTab
 .bss.heth      0x200001a4       0xb0 CMakeFiles/VSCHelloWorld.dir/Core/Src/main.c.obj
                0x200001a4                heth
 .bss.huart3    0x20000254       0x48 CMakeFiles/VSCHelloWorld.dir/Core/Src/main.c.obj
                0x20000254                huart3
 .bss.hpcd_USB_OTG_FS
                0x2000029c      0x4e4 CMakeFiles/VSCHelloWorld.dir/Core/Src/main.c.obj
                0x2000029c                hpcd_USB_OTG_FS
 .bss.Task1Handle
                0x20000780        0x4 CMakeFiles/VSCHelloWorld.dir/Core/Src/main.c.obj
                0x20000780                Task1Handle
 .bss.Task2Handle
                0x20000784        0x4 CMakeFiles/VSCHelloWorld.dir/Core/Src/main.c.obj
                0x20000784                Task2Handle
 .bss.Task3Handle
                0x20000788        0x4 CMakeFiles/VSCHelloWorld.dir/Core/Src/main.c.obj
                0x20000788                Task3Handle
 .bss.MACAddr.0
                0x2000078c        0x6 CMakeFiles/VSCHelloWorld.dir/Core/Src/main.c.obj
 *fill*         0x20000792        0x2 
 .bss.xIdleTaskTCBBuffer
                0x20000794       0x54 CMakeFiles/VSCHelloWorld.dir/Core/Src/freertos.c.obj
 .bss.xIdleStack
                0x200007e8      0x200 CMakeFiles/VSCHelloWorld.dir/Core/Src/freertos.c.obj
 .bss.htim1     0x200009e8       0x48 CMakeFiles/VSCHelloWorld.dir/Core/Src/stm32f4xx_hal_timebase_tim.c.obj
                0x200009e8                htim1
 .bss.uwTick    0x20000a30        0x4 CMakeFiles/VSCHelloWorld.dir/Drivers/STM32F4xx_HAL_Driver/Src/stm32f4xx_hal.c.obj
                0x20000a30                uwTick
 .bss.pxCurrentTCB
                0x20000a34        0x4 CMakeFiles/VSCHelloWorld.dir/Middlewares/Third_Party/FreeRTOS/Source/tasks.c.obj
                0x20000a34                pxCurrentTCB
 .bss.pxReadyTasksLists
                0x20000a38       0x8c CMakeFiles/VSCHelloWorld.dir/Middlewares/Third_Party/FreeRTOS/Source/tasks.c.obj
 .bss.xDelayedTaskList1
                0x20000ac4       0x14 CMakeFiles/VSCHelloWorld.dir/Middlewares/Third_Party/FreeRTOS/Source/tasks.c.obj
 .bss.xDelayedTaskList2
                0x20000ad8       0x14 CMakeFiles/VSCHelloWorld.dir/Middlewares/Third_Party/FreeRTOS/Source/tasks.c.obj
 .bss.pxDelayedTaskList
                0x20000aec        0x4 CMakeFiles/VSCHelloWorld.dir/Middlewares/Third_Party/FreeRTOS/Source/tasks.c.obj
 .bss.pxOverflowDelayedTaskList
                0x20000af0        0x4 CMakeFiles/VSCHelloWorld.dir/Middlewares/Third_Party/FreeRTOS/Source/tasks.c.obj
 .bss.xPendingReadyList
                0x20000af4       0x14 CMakeFiles/VSCHelloWorld.dir/Middlewares/Third_Party/FreeRTOS/Source/tasks.c.obj
 .bss.xTasksWaitingTermination
                0x20000b08       0x14 CMakeFiles/VSCHelloWorld.dir/Middlewares/Third_Party/FreeRTOS/Source/tasks.c.obj
 .bss.uxDeletedTasksWaitingCleanUp
                0x20000b1c        0x4 CMakeFiles/VSCHelloWorld.dir/Middlewares/Third_Party/FreeRTOS/Source/tasks.c.obj
 .bss.xSuspendedTaskList
                0x20000b20       0x14 CMakeFiles/VSCHelloWorld.dir/Middlewares/Third_Party/FreeRTOS/Source/tasks.c.obj
 .bss.uxCurrentNumberOfTasks
                0x20000b34        0x4 CMakeFiles/VSCHelloWorld.dir/Middlewares/Third_Party/FreeRTOS/Source/tasks.c.obj
 .bss.xTickCount
                0x20000b38        0x4 CMakeFiles/VSCHelloWorld.dir/Middlewares/Third_Party/FreeRTOS/Source/tasks.c.obj
 .bss.uxTopReadyPriority
                0x20000b3c        0x4 CMakeFiles/VSCHelloWorld.dir/Middlewares/Third_Party/FreeRTOS/Source/tasks.c.obj
 .bss.xSchedulerRunning
                0x20000b40        0x4 CMakeFiles/VSCHelloWorld.dir/Middlewares/Third_Party/FreeRTOS/Source/tasks.c.obj
 .bss.xPendedTicks
                0x20000b44        0x4 CMakeFiles/VSCHelloWorld.dir/Middlewares/Third_Party/FreeRTOS/Source/tasks.c.obj
 .bss.xYieldPending
                0x20000b48        0x4 CMakeFiles/VSCHelloWorld.dir/Middlewares/Third_Party/FreeRTOS/Source/tasks.c.obj
 .bss.xNumOfOverflows
                0x20000b4c        0x4 CMakeFiles/VSCHelloWorld.dir/Middlewares/Third_Party/FreeRTOS/Source/tasks.c.obj
 .bss.uxTaskNumber
                0x20000b50        0x4 CMakeFiles/VSCHelloWorld.dir/Middlewares/Third_Party/FreeRTOS/Source/tasks.c.obj
 .bss.xNextTaskUnblockTime
                0x20000b54        0x4 CMakeFiles/VSCHelloWorld.dir/Middlewares/Third_Party/FreeRTOS/Source/tasks.c.obj
 .bss.xIdleTaskHandle
                0x20000b58        0x4 CMakeFiles/VSCHelloWorld.dir/Middlewares/Third_Party/FreeRTOS/Source/tasks.c.obj
 .bss.uxSchedulerSuspended
                0x20000b5c        0x4 CMakeFiles/VSCHelloWorld.dir/Middlewares/Third_Party/FreeRTOS/Source/tasks.c.obj
 .bss.ucHeap    0x20000b60     0x3c00 CMakeFiles/VSCHelloWorld.dir/Middlewares/Third_Party/FreeRTOS/Source/portable/MemMang/heap_4.c.obj
 .bss.xStart    0x20004760        0x8 CMakeFiles/VSCHelloWorld.dir/Middlewares/Third_Party/FreeRTOS/Source/portable/MemMang/heap_4.c.obj
 .bss.pxEnd     0x20004768        0x4 CMakeFiles/VSCHelloWorld.dir/Middlewares/Third_Party/FreeRTOS/Source/portable/MemMang/heap_4.c.obj
 .bss.xFreeBytesRemaining
                0x2000476c        0x4 CMakeFiles/VSCHelloWorld.dir/Middlewares/Third_Party/FreeRTOS/Source/portable/MemMang/heap_4.c.obj
 .bss.xMinimumEverFreeBytesRemaining
                0x20004770        0x4 CMakeFiles/VSCHelloWorld.dir/Middlewares/Third_Party/FreeRTOS/Source/portable/MemMang/heap_4.c.obj
 .bss.xNumberOfSuccessfulAllocations
                0x20004774        0x4 CMakeFiles/VSCHelloWorld.dir/Middlewares/Third_Party/FreeRTOS/Source/portable/MemMang/heap_4.c.obj
 .bss.xNumberOfSuccessfulFrees
                0x20004778        0x4 CMakeFiles/VSCHelloWorld.dir/Middlewares/Third_Party/FreeRTOS/Source/portable/MemMang/heap_4.c.obj
 .bss.xBlockAllocatedBit
                0x2000477c        0x4 CMakeFiles/VSCHelloWorld.dir/Middlewares/Third_Party/FreeRTOS/Source/portable/MemMang/heap_4.c.obj
 .bss.ucMaxSysCallPriority
                0x20004780        0x1 CMakeFiles/VSCHelloWorld.dir/Middlewares/Third_Party/FreeRTOS/Source/portable/GCC/ARM_CM4F/port.c.obj
 *fill*         0x20004781        0x3 
 .bss.ulMaxPRIGROUPValue
                0x20004784        0x4 CMakeFiles/VSCHelloWorld.dir/Middlewares/Third_Party/FreeRTOS/Source/portable/GCC/ARM_CM4F/port.c.obj
 *(COMMON)
                0x20004788                        . = ALIGN (0x4)
                0x20004788                        _ebss = .
                0x20004788                        __bss_end__ = _ebss

._user_heap_stack
                0x20004788      0x600
                0x20004788                        . = ALIGN (0x8)
                [!provide]                        PROVIDE (end = .)
                0x20004788                        PROVIDE (_end = .)
                0x20004988                        . = (. + _Min_Heap_Size)
 *fill*         0x20004788      0x200 
                0x20004d88                        . = (. + _Min_Stack_Size)
 *fill*         0x20004988      0x400 
                0x20004d88                        . = ALIGN (0x8)

/DISCARD/
 libc.a(*)
 libm.a(*)
 libgcc.a(*)
OUTPUT(VSCHelloWorld.elf elf32-littlearm)
LOAD linker stubs
LOAD C:/ST/STM32CubeCLT_1.18.0/GNU-tools-for-STM32/bin/../lib/gcc/arm-none-eabi/13.3.1/../../../../arm-none-eabi/lib/thumb/v7e-m+fp/hard\libc.a
LOAD C:/ST/STM32CubeCLT_1.18.0/GNU-tools-for-STM32/bin/../lib/gcc/arm-none-eabi/13.3.1/../../../../arm-none-eabi/lib/thumb/v7e-m+fp/hard\libm.a
LOAD C:/ST/STM32CubeCLT_1.18.0/GNU-tools-for-STM32/bin/../lib/gcc/arm-none-eabi/13.3.1/thumb/v7e-m+fp/hard\libgcc.a

.ARM.attributes
                0x00000000       0x30
 .ARM.attributes
                0x00000000       0x22 C:/ST/STM32CubeCLT_1.18.0/GNU-tools-for-STM32/bin/../lib/gcc/arm-none-eabi/13.3.1/thumb/v7e-m+fp/hard/crti.o
 .ARM.attributes
                0x00000022       0x34 C:/ST/STM32CubeCLT_1.18.0/GNU-tools-for-STM32/bin/../lib/gcc/arm-none-eabi/13.3.1/thumb/v7e-m+fp/hard/crtbegin.o
 .ARM.attributes
                0x00000056       0x34 C:/ST/STM32CubeCLT_1.18.0/GNU-tools-for-STM32/bin/../lib/gcc/arm-none-eabi/13.3.1/../../../../arm-none-eabi/lib/thumb/v7e-m+fp/hard\libc_nano.a(libc_a-memset.o)
 .ARM.attributes
                0x0000008a       0x34 C:/ST/STM32CubeCLT_1.18.0/GNU-tools-for-STM32/bin/../lib/gcc/arm-none-eabi/13.3.1/../../../../arm-none-eabi/lib/thumb/v7e-m+fp/hard\libc_nano.a(libc_a-init.o)
 .ARM.attributes
                0x000000be       0x34 CMakeFiles/VSCHelloWorld.dir/Core/Src/main.c.obj
 .ARM.attributes
                0x000000f2       0x34 CMakeFiles/VSCHelloWorld.dir/Core/Src/freertos.c.obj
 .ARM.attributes
                0x00000126       0x34 CMakeFiles/VSCHelloWorld.dir/Core/Src/stm32f4xx_it.c.obj
 .ARM.attributes
                0x0000015a       0x34 CMakeFiles/VSCHelloWorld.dir/Core/Src/stm32f4xx_hal_msp.c.obj
 .ARM.attributes
                0x0000018e       0x34 CMakeFiles/VSCHelloWorld.dir/Core/Src/stm32f4xx_hal_timebase_tim.c.obj
 .ARM.attributes
                0x000001c2       0x34 CMakeFiles/VSCHelloWorld.dir/Drivers/STM32F4xx_HAL_Driver/Src/stm32f4xx_hal_tim.c.obj
 .ARM.attributes
                0x000001f6       0x34 CMakeFiles/VSCHelloWorld.dir/Drivers/STM32F4xx_HAL_Driver/Src/stm32f4xx_hal_tim_ex.c.obj
 .ARM.attributes
                0x0000022a       0x34 CMakeFiles/VSCHelloWorld.dir/Drivers/STM32F4xx_HAL_Driver/Src/stm32f4xx_hal_rcc.c.obj
 .ARM.attributes
                0x0000025e       0x34 CMakeFiles/VSCHelloWorld.dir/Drivers/STM32F4xx_HAL_Driver/Src/stm32f4xx_hal_gpio.c.obj
 .ARM.attributes
                0x00000292       0x34 CMakeFiles/VSCHelloWorld.dir/Drivers/STM32F4xx_HAL_Driver/Src/stm32f4xx_hal_cortex.c.obj
 .ARM.attributes
                0x000002c6       0x34 CMakeFiles/VSCHelloWorld.dir/Drivers/STM32F4xx_HAL_Driver/Src/stm32f4xx_hal.c.obj
 .ARM.attributes
                0x000002fa       0x34 CMakeFiles/VSCHelloWorld.dir/Drivers/STM32F4xx_HAL_Driver/Src/stm32f4xx_hal_eth.c.obj
 .ARM.attributes
                0x0000032e       0x34 CMakeFiles/VSCHelloWorld.dir/Drivers/STM32F4xx_HAL_Driver/Src/stm32f4xx_hal_uart.c.obj
 .ARM.attributes
                0x00000362       0x34 CMakeFiles/VSCHelloWorld.dir/Drivers/STM32F4xx_HAL_Driver/Src/stm32f4xx_hal_pcd.c.obj
 .ARM.attributes
                0x00000396       0x34 CMakeFiles/VSCHelloWorld.dir/Drivers/STM32F4xx_HAL_Driver/Src/stm32f4xx_ll_usb.c.obj
 .ARM.attributes
                0x000003ca       0x34 CMakeFiles/VSCHelloWorld.dir/Core/Src/system_stm32f4xx.c.obj
 .ARM.attributes
                0x000003fe       0x34 CMakeFiles/VSCHelloWorld.dir/Middlewares/Third_Party/FreeRTOS/Source/list.c.obj
 .ARM.attributes
                0x00000432       0x34 CMakeFiles/VSCHelloWorld.dir/Middlewares/Third_Party/FreeRTOS/Source/tasks.c.obj
 .ARM.attributes
                0x00000466       0x34 CMakeFiles/VSCHelloWorld.dir/Middlewares/Third_Party/FreeRTOS/Source/CMSIS_RTOS/cmsis_os.c.obj
 .ARM.attributes
                0x0000049a       0x34 CMakeFiles/VSCHelloWorld.dir/Middlewares/Third_Party/FreeRTOS/Source/portable/MemMang/heap_4.c.obj
 .ARM.attributes
                0x000004ce       0x34 CMakeFiles/VSCHelloWorld.dir/Middlewares/Third_Party/FreeRTOS/Source/portable/GCC/ARM_CM4F/port.c.obj
 .ARM.attributes
                0x00000502       0x21 CMakeFiles/VSCHelloWorld.dir/startup_stm32f429xx.s.obj
 .ARM.attributes
                0x00000523       0x22 C:/ST/STM32CubeCLT_1.18.0/GNU-tools-for-STM32/bin/../lib/gcc/arm-none-eabi/13.3.1/thumb/v7e-m+fp/hard\libgcc.a(_aeabi_uldivmod.o)
 .ARM.attributes
                0x00000545       0x34 C:/ST/STM32CubeCLT_1.18.0/GNU-tools-for-STM32/bin/../lib/gcc/arm-none-eabi/13.3.1/thumb/v7e-m+fp/hard\libgcc.a(_udivmoddi4.o)
 .ARM.attributes
                0x00000579       0x22 C:/ST/STM32CubeCLT_1.18.0/GNU-tools-for-STM32/bin/../lib/gcc/arm-none-eabi/13.3.1/thumb/v7e-m+fp/hard\libgcc.a(_dvmd_tls.o)
 .ARM.attributes
                0x0000059b       0x17 C:/ST/STM32CubeCLT_1.18.0/GNU-tools-for-STM32/bin/../lib/gcc/arm-none-eabi/13.3.1/../../../../arm-none-eabi/lib/thumb/v7e-m+fp/hard\libg_nano.a(libc_a-strlen.o)
 .ARM.attributes
                0x000005b2       0x22 C:/ST/STM32CubeCLT_1.18.0/GNU-tools-for-STM32/bin/../lib/gcc/arm-none-eabi/13.3.1/thumb/v7e-m+fp/hard/crtn.o

.comment        0x00000000       0x43
 .comment       0x00000000       0x43 CMakeFiles/VSCHelloWorld.dir/Core/Src/main.c.obj
                                 0x44 (size before relaxing)
 .comment       0x00000043       0x44 CMakeFiles/VSCHelloWorld.dir/Core/Src/freertos.c.obj
 .comment       0x00000043       0x44 CMakeFiles/VSCHelloWorld.dir/Core/Src/stm32f4xx_it.c.obj
 .comment       0x00000043       0x44 CMakeFiles/VSCHelloWorld.dir/Core/Src/stm32f4xx_hal_msp.c.obj
 .comment       0x00000043       0x44 CMakeFiles/VSCHelloWorld.dir/Core/Src/stm32f4xx_hal_timebase_tim.c.obj
 .comment       0x00000043       0x44 CMakeFiles/VSCHelloWorld.dir/Drivers/STM32F4xx_HAL_Driver/Src/stm32f4xx_hal_tim.c.obj
 .comment       0x00000043       0x44 CMakeFiles/VSCHelloWorld.dir/Drivers/STM32F4xx_HAL_Driver/Src/stm32f4xx_hal_tim_ex.c.obj
 .comment       0x00000043       0x44 CMakeFiles/VSCHelloWorld.dir/Drivers/STM32F4xx_HAL_Driver/Src/stm32f4xx_hal_rcc.c.obj
 .comment       0x00000043       0x44 CMakeFiles/VSCHelloWorld.dir/Drivers/STM32F4xx_HAL_Driver/Src/stm32f4xx_hal_gpio.c.obj
 .comment       0x00000043       0x44 CMakeFiles/VSCHelloWorld.dir/Drivers/STM32F4xx_HAL_Driver/Src/stm32f4xx_hal_cortex.c.obj
 .comment       0x00000043       0x44 CMakeFiles/VSCHelloWorld.dir/Drivers/STM32F4xx_HAL_Driver/Src/stm32f4xx_hal.c.obj
 .comment       0x00000043       0x44 CMakeFiles/VSCHelloWorld.dir/Drivers/STM32F4xx_HAL_Driver/Src/stm32f4xx_hal_eth.c.obj
 .comment       0x00000043       0x44 CMakeFiles/VSCHelloWorld.dir/Drivers/STM32F4xx_HAL_Driver/Src/stm32f4xx_hal_uart.c.obj
 .comment       0x00000043       0x44 CMakeFiles/VSCHelloWorld.dir/Drivers/STM32F4xx_HAL_Driver/Src/stm32f4xx_hal_pcd.c.obj
 .comment       0x00000043       0x44 CMakeFiles/VSCHelloWorld.dir/Drivers/STM32F4xx_HAL_Driver/Src/stm32f4xx_ll_usb.c.obj
 .comment       0x00000043       0x44 CMakeFiles/VSCHelloWorld.dir/Core/Src/system_stm32f4xx.c.obj
 .comment       0x00000043       0x44 CMakeFiles/VSCHelloWorld.dir/Middlewares/Third_Party/FreeRTOS/Source/list.c.obj
 .comment       0x00000043       0x44 CMakeFiles/VSCHelloWorld.dir/Middlewares/Third_Party/FreeRTOS/Source/tasks.c.obj
 .comment       0x00000043       0x44 CMakeFiles/VSCHelloWorld.dir/Middlewares/Third_Party/FreeRTOS/Source/CMSIS_RTOS/cmsis_os.c.obj
 .comment       0x00000043       0x44 CMakeFiles/VSCHelloWorld.dir/Middlewares/Third_Party/FreeRTOS/Source/portable/MemMang/heap_4.c.obj
 .comment       0x00000043       0x44 CMakeFiles/VSCHelloWorld.dir/Middlewares/Third_Party/FreeRTOS/Source/portable/GCC/ARM_CM4F/port.c.obj

.debug_frame    0x00000000     0x5bc4
 .debug_frame   0x00000000       0x20 C:/ST/STM32CubeCLT_1.18.0/GNU-tools-for-STM32/bin/../lib/gcc/arm-none-eabi/13.3.1/../../../../arm-none-eabi/lib/thumb/v7e-m+fp/hard\libc_nano.a(libc_a-memset.o)
 .debug_frame   0x00000020       0x2c C:/ST/STM32CubeCLT_1.18.0/GNU-tools-for-STM32/bin/../lib/gcc/arm-none-eabi/13.3.1/../../../../arm-none-eabi/lib/thumb/v7e-m+fp/hard\libc_nano.a(libc_a-init.o)
 .debug_frame   0x0000004c      0x190 CMakeFiles/VSCHelloWorld.dir/Core/Src/main.c.obj
 .debug_frame   0x000001dc       0x38 CMakeFiles/VSCHelloWorld.dir/Core/Src/freertos.c.obj
 .debug_frame   0x00000214       0xc4 CMakeFiles/VSCHelloWorld.dir/Core/Src/stm32f4xx_it.c.obj
 .debug_frame   0x000002d8      0x10c CMakeFiles/VSCHelloWorld.dir/Core/Src/stm32f4xx_hal_msp.c.obj
 .debug_frame   0x000003e4       0x74 CMakeFiles/VSCHelloWorld.dir/Core/Src/stm32f4xx_hal_timebase_tim.c.obj
 .debug_frame   0x00000458     0x11c0 CMakeFiles/VSCHelloWorld.dir/Drivers/STM32F4xx_HAL_Driver/Src/stm32f4xx_hal_tim.c.obj
 .debug_frame   0x00001618      0x638 CMakeFiles/VSCHelloWorld.dir/Drivers/STM32F4xx_HAL_Driver/Src/stm32f4xx_hal_tim_ex.c.obj
 .debug_frame   0x00001c50      0x1f4 CMakeFiles/VSCHelloWorld.dir/Drivers/STM32F4xx_HAL_Driver/Src/stm32f4xx_hal_rcc.c.obj
 .debug_frame   0x00001e44      0x14c CMakeFiles/VSCHelloWorld.dir/Drivers/STM32F4xx_HAL_Driver/Src/stm32f4xx_hal_gpio.c.obj
 .debug_frame   0x00001f90      0x508 CMakeFiles/VSCHelloWorld.dir/Drivers/STM32F4xx_HAL_Driver/Src/stm32f4xx_hal_cortex.c.obj
 .debug_frame   0x00002498      0x3b4 CMakeFiles/VSCHelloWorld.dir/Drivers/STM32F4xx_HAL_Driver/Src/stm32f4xx_hal.c.obj
 .debug_frame   0x0000284c      0x8c0 CMakeFiles/VSCHelloWorld.dir/Drivers/STM32F4xx_HAL_Driver/Src/stm32f4xx_hal_eth.c.obj
 .debug_frame   0x0000310c      0x954 CMakeFiles/VSCHelloWorld.dir/Drivers/STM32F4xx_HAL_Driver/Src/stm32f4xx_hal_uart.c.obj
 .debug_frame   0x00003a60      0x5b8 CMakeFiles/VSCHelloWorld.dir/Drivers/STM32F4xx_HAL_Driver/Src/stm32f4xx_hal_pcd.c.obj
 .debug_frame   0x00004018      0x7c0 CMakeFiles/VSCHelloWorld.dir/Drivers/STM32F4xx_HAL_Driver/Src/stm32f4xx_ll_usb.c.obj
 .debug_frame   0x000047d8       0x58 CMakeFiles/VSCHelloWorld.dir/Core/Src/system_stm32f4xx.c.obj
 .debug_frame   0x00004830       0xd8 CMakeFiles/VSCHelloWorld.dir/Middlewares/Third_Party/FreeRTOS/Source/list.c.obj
 .debug_frame   0x00004908      0x77c CMakeFiles/VSCHelloWorld.dir/Middlewares/Third_Party/FreeRTOS/Source/tasks.c.obj
 .debug_frame   0x00005084      0x80c CMakeFiles/VSCHelloWorld.dir/Middlewares/Third_Party/FreeRTOS/Source/CMSIS_RTOS/cmsis_os.c.obj
 .debug_frame   0x00005890      0x12c CMakeFiles/VSCHelloWorld.dir/Middlewares/Third_Party/FreeRTOS/Source/portable/MemMang/heap_4.c.obj
 .debug_frame   0x000059bc      0x1a8 CMakeFiles/VSCHelloWorld.dir/Middlewares/Third_Party/FreeRTOS/Source/portable/GCC/ARM_CM4F/port.c.obj
 .debug_frame   0x00005b64       0x2c C:/ST/STM32CubeCLT_1.18.0/GNU-tools-for-STM32/bin/../lib/gcc/arm-none-eabi/13.3.1/thumb/v7e-m+fp/hard\libgcc.a(_aeabi_uldivmod.o)
 .debug_frame   0x00005b90       0x34 C:/ST/STM32CubeCLT_1.18.0/GNU-tools-for-STM32/bin/../lib/gcc/arm-none-eabi/13.3.1/thumb/v7e-m+fp/hard\libgcc.a(_udivmoddi4.o)

.debug_info     0x00000000    0x181f4
 .debug_info    0x00000000     0x2302 CMakeFiles/VSCHelloWorld.dir/Core/Src/main.c.obj
 .debug_info    0x00002302      0x279 CMakeFiles/VSCHelloWorld.dir/Core/Src/freertos.c.obj
 .debug_info    0x0000257b      0x6ab CMakeFiles/VSCHelloWorld.dir/Core/Src/stm32f4xx_it.c.obj
 .debug_info    0x00002c26     0x1a16 CMakeFiles/VSCHelloWorld.dir/Core/Src/stm32f4xx_hal_msp.c.obj
 .debug_info    0x0000463c      0xc32 CMakeFiles/VSCHelloWorld.dir/Core/Src/stm32f4xx_hal_timebase_tim.c.obj
 .debug_info    0x0000526e     0x299d CMakeFiles/VSCHelloWorld.dir/Drivers/STM32F4xx_HAL_Driver/Src/stm32f4xx_hal_tim.c.obj
 .debug_info    0x00007c0b     0x14db CMakeFiles/VSCHelloWorld.dir/Drivers/STM32F4xx_HAL_Driver/Src/stm32f4xx_hal_tim_ex.c.obj
 .debug_info    0x000090e6      0x8db CMakeFiles/VSCHelloWorld.dir/Drivers/STM32F4xx_HAL_Driver/Src/stm32f4xx_hal_rcc.c.obj
 .debug_info    0x000099c1      0x6db CMakeFiles/VSCHelloWorld.dir/Drivers/STM32F4xx_HAL_Driver/Src/stm32f4xx_hal_gpio.c.obj
 .debug_info    0x0000a09c      0xdc2 CMakeFiles/VSCHelloWorld.dir/Drivers/STM32F4xx_HAL_Driver/Src/stm32f4xx_hal_cortex.c.obj
 .debug_info    0x0000ae5e      0x9ba CMakeFiles/VSCHelloWorld.dir/Drivers/STM32F4xx_HAL_Driver/Src/stm32f4xx_hal.c.obj
 .debug_info    0x0000b818     0x2193 CMakeFiles/VSCHelloWorld.dir/Drivers/STM32F4xx_HAL_Driver/Src/stm32f4xx_hal_eth.c.obj
 .debug_info    0x0000d9ab     0x2f4f CMakeFiles/VSCHelloWorld.dir/Drivers/STM32F4xx_HAL_Driver/Src/stm32f4xx_hal_uart.c.obj
 .debug_info    0x000108fa     0x156f CMakeFiles/VSCHelloWorld.dir/Drivers/STM32F4xx_HAL_Driver/Src/stm32f4xx_hal_pcd.c.obj
 .debug_info    0x00011e69     0x1993 CMakeFiles/VSCHelloWorld.dir/Drivers/STM32F4xx_HAL_Driver/Src/stm32f4xx_ll_usb.c.obj
 .debug_info    0x000137fc      0x52e CMakeFiles/VSCHelloWorld.dir/Core/Src/system_stm32f4xx.c.obj
 .debug_info    0x00013d2a      0x2af CMakeFiles/VSCHelloWorld.dir/Middlewares/Third_Party/FreeRTOS/Source/list.c.obj
 .debug_info    0x00013fd9     0x1ca7 CMakeFiles/VSCHelloWorld.dir/Middlewares/Third_Party/FreeRTOS/Source/tasks.c.obj
 .debug_info    0x00015c80     0x1b60 CMakeFiles/VSCHelloWorld.dir/Middlewares/Third_Party/FreeRTOS/Source/CMSIS_RTOS/cmsis_os.c.obj
 .debug_info    0x000177e0      0x4d5 CMakeFiles/VSCHelloWorld.dir/Middlewares/Third_Party/FreeRTOS/Source/portable/MemMang/heap_4.c.obj
 .debug_info    0x00017cb5      0x4de CMakeFiles/VSCHelloWorld.dir/Middlewares/Third_Party/FreeRTOS/Source/portable/GCC/ARM_CM4F/port.c.obj
 .debug_info    0x00018193       0x30 CMakeFiles/VSCHelloWorld.dir/startup_stm32f429xx.s.obj
 .debug_info    0x000181c3       0x31 C:/ST/STM32CubeCLT_1.18.0/GNU-tools-for-STM32/bin/../lib/gcc/arm-none-eabi/13.3.1/../../../../arm-none-eabi/lib/thumb/v7e-m+fp/hard\libg_nano.a(libc_a-strlen.o)

.debug_abbrev   0x00000000     0x32a3
 .debug_abbrev  0x00000000      0x37f CMakeFiles/VSCHelloWorld.dir/Core/Src/main.c.obj
 .debug_abbrev  0x0000037f       0xd2 CMakeFiles/VSCHelloWorld.dir/Core/Src/freertos.c.obj
 .debug_abbrev  0x00000451      0x17d CMakeFiles/VSCHelloWorld.dir/Core/Src/stm32f4xx_it.c.obj
 .debug_abbrev  0x000005ce      0x270 CMakeFiles/VSCHelloWorld.dir/Core/Src/stm32f4xx_hal_msp.c.obj
 .debug_abbrev  0x0000083e      0x1f4 CMakeFiles/VSCHelloWorld.dir/Core/Src/stm32f4xx_hal_timebase_tim.c.obj
 .debug_abbrev  0x00000a32      0x278 CMakeFiles/VSCHelloWorld.dir/Drivers/STM32F4xx_HAL_Driver/Src/stm32f4xx_hal_tim.c.obj
 .debug_abbrev  0x00000caa      0x283 CMakeFiles/VSCHelloWorld.dir/Drivers/STM32F4xx_HAL_Driver/Src/stm32f4xx_hal_tim_ex.c.obj
 .debug_abbrev  0x00000f2d      0x2b7 CMakeFiles/VSCHelloWorld.dir/Drivers/STM32F4xx_HAL_Driver/Src/stm32f4xx_hal_rcc.c.obj
 .debug_abbrev  0x000011e4      0x1d4 CMakeFiles/VSCHelloWorld.dir/Drivers/STM32F4xx_HAL_Driver/Src/stm32f4xx_hal_gpio.c.obj
 .debug_abbrev  0x000013b8      0x31d CMakeFiles/VSCHelloWorld.dir/Drivers/STM32F4xx_HAL_Driver/Src/stm32f4xx_hal_cortex.c.obj
 .debug_abbrev  0x000016d5      0x214 CMakeFiles/VSCHelloWorld.dir/Drivers/STM32F4xx_HAL_Driver/Src/stm32f4xx_hal.c.obj
 .debug_abbrev  0x000018e9      0x35c CMakeFiles/VSCHelloWorld.dir/Drivers/STM32F4xx_HAL_Driver/Src/stm32f4xx_hal_eth.c.obj
 .debug_abbrev  0x00001c45      0x30e CMakeFiles/VSCHelloWorld.dir/Drivers/STM32F4xx_HAL_Driver/Src/stm32f4xx_hal_uart.c.obj
 .debug_abbrev  0x00001f53      0x2b9 CMakeFiles/VSCHelloWorld.dir/Drivers/STM32F4xx_HAL_Driver/Src/stm32f4xx_hal_pcd.c.obj
 .debug_abbrev  0x0000220c      0x2b3 CMakeFiles/VSCHelloWorld.dir/Drivers/STM32F4xx_HAL_Driver/Src/stm32f4xx_ll_usb.c.obj
 .debug_abbrev  0x000024bf      0x11a CMakeFiles/VSCHelloWorld.dir/Core/Src/system_stm32f4xx.c.obj
 .debug_abbrev  0x000025d9       0xf5 CMakeFiles/VSCHelloWorld.dir/Middlewares/Third_Party/FreeRTOS/Source/list.c.obj
 .debug_abbrev  0x000026ce      0x359 CMakeFiles/VSCHelloWorld.dir/Middlewares/Third_Party/FreeRTOS/Source/tasks.c.obj
 .debug_abbrev  0x00002a27      0x3b7 CMakeFiles/VSCHelloWorld.dir/Middlewares/Third_Party/FreeRTOS/Source/CMSIS_RTOS/cmsis_os.c.obj
 .debug_abbrev  0x00002dde      0x21d CMakeFiles/VSCHelloWorld.dir/Middlewares/Third_Party/FreeRTOS/Source/portable/MemMang/heap_4.c.obj
 .debug_abbrev  0x00002ffb      0x25c CMakeFiles/VSCHelloWorld.dir/Middlewares/Third_Party/FreeRTOS/Source/portable/GCC/ARM_CM4F/port.c.obj
 .debug_abbrev  0x00003257       0x24 CMakeFiles/VSCHelloWorld.dir/startup_stm32f429xx.s.obj
 .debug_abbrev  0x0000327b       0x28 C:/ST/STM32CubeCLT_1.18.0/GNU-tools-for-STM32/bin/../lib/gcc/arm-none-eabi/13.3.1/../../../../arm-none-eabi/lib/thumb/v7e-m+fp/hard\libg_nano.a(libc_a-strlen.o)

.debug_aranges  0x00000000     0x15a0
 .debug_aranges
                0x00000000       0x78 CMakeFiles/VSCHelloWorld.dir/Core/Src/main.c.obj
 .debug_aranges
                0x00000078       0x20 CMakeFiles/VSCHelloWorld.dir/Core/Src/freertos.c.obj
 .debug_aranges
                0x00000098       0x50 CMakeFiles/VSCHelloWorld.dir/Core/Src/stm32f4xx_it.c.obj
 .debug_aranges
                0x000000e8       0x50 CMakeFiles/VSCHelloWorld.dir/Core/Src/stm32f4xx_hal_msp.c.obj
 .debug_aranges
                0x00000138       0x30 CMakeFiles/VSCHelloWorld.dir/Core/Src/stm32f4xx_hal_timebase_tim.c.obj
 .debug_aranges
                0x00000168      0x3d0 CMakeFiles/VSCHelloWorld.dir/Drivers/STM32F4xx_HAL_Driver/Src/stm32f4xx_hal_tim.c.obj
 .debug_aranges
                0x00000538      0x168 CMakeFiles/VSCHelloWorld.dir/Drivers/STM32F4xx_HAL_Driver/Src/stm32f4xx_hal_tim_ex.c.obj
 .debug_aranges
                0x000006a0       0x88 CMakeFiles/VSCHelloWorld.dir/Drivers/STM32F4xx_HAL_Driver/Src/stm32f4xx_hal_rcc.c.obj
 .debug_aranges
                0x00000728       0x58 CMakeFiles/VSCHelloWorld.dir/Drivers/STM32F4xx_HAL_Driver/Src/stm32f4xx_hal_gpio.c.obj
 .debug_aranges
                0x00000780      0x130 CMakeFiles/VSCHelloWorld.dir/Drivers/STM32F4xx_HAL_Driver/Src/stm32f4xx_hal_cortex.c.obj
 .debug_aranges
                0x000008b0      0x100 CMakeFiles/VSCHelloWorld.dir/Drivers/STM32F4xx_HAL_Driver/Src/stm32f4xx_hal.c.obj
 .debug_aranges
                0x000009b0      0x1e8 CMakeFiles/VSCHelloWorld.dir/Drivers/STM32F4xx_HAL_Driver/Src/stm32f4xx_hal_eth.c.obj
 .debug_aranges
                0x00000b98      0x208 CMakeFiles/VSCHelloWorld.dir/Drivers/STM32F4xx_HAL_Driver/Src/stm32f4xx_hal_uart.c.obj
 .debug_aranges
                0x00000da0      0x148 CMakeFiles/VSCHelloWorld.dir/Drivers/STM32F4xx_HAL_Driver/Src/stm32f4xx_hal_pcd.c.obj
 .debug_aranges
                0x00000ee8      0x1a0 CMakeFiles/VSCHelloWorld.dir/Drivers/STM32F4xx_HAL_Driver/Src/stm32f4xx_ll_usb.c.obj
 .debug_aranges
                0x00001088       0x28 CMakeFiles/VSCHelloWorld.dir/Core/Src/system_stm32f4xx.c.obj
 .debug_aranges
                0x000010b0       0x40 CMakeFiles/VSCHelloWorld.dir/Middlewares/Third_Party/FreeRTOS/Source/list.c.obj
 .debug_aranges
                0x000010f0      0x1b8 CMakeFiles/VSCHelloWorld.dir/Middlewares/Third_Party/FreeRTOS/Source/tasks.c.obj
 .debug_aranges
                0x000012a8      0x1d8 CMakeFiles/VSCHelloWorld.dir/Middlewares/Third_Party/FreeRTOS/Source/CMSIS_RTOS/cmsis_os.c.obj
 .debug_aranges
                0x00001480       0x58 CMakeFiles/VSCHelloWorld.dir/Middlewares/Third_Party/FreeRTOS/Source/portable/MemMang/heap_4.c.obj
 .debug_aranges
                0x000014d8       0x80 CMakeFiles/VSCHelloWorld.dir/Middlewares/Third_Party/FreeRTOS/Source/portable/GCC/ARM_CM4F/port.c.obj
 .debug_aranges
                0x00001558       0x28 CMakeFiles/VSCHelloWorld.dir/startup_stm32f429xx.s.obj
 .debug_aranges
                0x00001580       0x20 C:/ST/STM32CubeCLT_1.18.0/GNU-tools-for-STM32/bin/../lib/gcc/arm-none-eabi/13.3.1/../../../../arm-none-eabi/lib/thumb/v7e-m+fp/hard\libg_nano.a(libc_a-strlen.o)

.debug_rnglists
                0x00000000     0x10c1
 .debug_rnglists
                0x00000000       0x59 CMakeFiles/VSCHelloWorld.dir/Core/Src/main.c.obj
 .debug_rnglists
                0x00000059       0x13 CMakeFiles/VSCHelloWorld.dir/Core/Src/freertos.c.obj
 .debug_rnglists
                0x0000006c       0x37 CMakeFiles/VSCHelloWorld.dir/Core/Src/stm32f4xx_it.c.obj
 .debug_rnglists
                0x000000a3       0x3a CMakeFiles/VSCHelloWorld.dir/Core/Src/stm32f4xx_hal_msp.c.obj
 .debug_rnglists
                0x000000dd       0x20 CMakeFiles/VSCHelloWorld.dir/Core/Src/stm32f4xx_hal_timebase_tim.c.obj
 .debug_rnglists
                0x000000fd      0x31a CMakeFiles/VSCHelloWorld.dir/Drivers/STM32F4xx_HAL_Driver/Src/stm32f4xx_hal_tim.c.obj
 .debug_rnglists
                0x00000417      0x125 CMakeFiles/VSCHelloWorld.dir/Drivers/STM32F4xx_HAL_Driver/Src/stm32f4xx_hal_tim_ex.c.obj
 .debug_rnglists
                0x0000053c       0x66 CMakeFiles/VSCHelloWorld.dir/Drivers/STM32F4xx_HAL_Driver/Src/stm32f4xx_hal_rcc.c.obj
 .debug_rnglists
                0x000005a2       0x3f CMakeFiles/VSCHelloWorld.dir/Drivers/STM32F4xx_HAL_Driver/Src/stm32f4xx_hal_gpio.c.obj
 .debug_rnglists
                0x000005e1       0xe0 CMakeFiles/VSCHelloWorld.dir/Drivers/STM32F4xx_HAL_Driver/Src/stm32f4xx_hal_cortex.c.obj
 .debug_rnglists
                0x000006c1       0xbb CMakeFiles/VSCHelloWorld.dir/Drivers/STM32F4xx_HAL_Driver/Src/stm32f4xx_hal.c.obj
 .debug_rnglists
                0x0000077c      0x182 CMakeFiles/VSCHelloWorld.dir/Drivers/STM32F4xx_HAL_Driver/Src/stm32f4xx_hal_eth.c.obj
 .debug_rnglists
                0x000008fe      0x1bc CMakeFiles/VSCHelloWorld.dir/Drivers/STM32F4xx_HAL_Driver/Src/stm32f4xx_hal_uart.c.obj
 .debug_rnglists
                0x00000aba       0xfa CMakeFiles/VSCHelloWorld.dir/Drivers/STM32F4xx_HAL_Driver/Src/stm32f4xx_hal_pcd.c.obj
 .debug_rnglists
                0x00000bb4      0x147 CMakeFiles/VSCHelloWorld.dir/Drivers/STM32F4xx_HAL_Driver/Src/stm32f4xx_ll_usb.c.obj
 .debug_rnglists
                0x00000cfb       0x1a CMakeFiles/VSCHelloWorld.dir/Core/Src/system_stm32f4xx.c.obj
 .debug_rnglists
                0x00000d15       0x2b CMakeFiles/VSCHelloWorld.dir/Middlewares/Third_Party/FreeRTOS/Source/list.c.obj
 .debug_rnglists
                0x00000d40      0x15f CMakeFiles/VSCHelloWorld.dir/Middlewares/Third_Party/FreeRTOS/Source/tasks.c.obj
 .debug_rnglists
                0x00000e9f      0x16a CMakeFiles/VSCHelloWorld.dir/Middlewares/Third_Party/FreeRTOS/Source/CMSIS_RTOS/cmsis_os.c.obj
 .debug_rnglists
                0x00001009       0x42 CMakeFiles/VSCHelloWorld.dir/Middlewares/Third_Party/FreeRTOS/Source/portable/MemMang/heap_4.c.obj
 .debug_rnglists
                0x0000104b       0x5d CMakeFiles/VSCHelloWorld.dir/Middlewares/Third_Party/FreeRTOS/Source/portable/GCC/ARM_CM4F/port.c.obj
 .debug_rnglists
                0x000010a8       0x19 CMakeFiles/VSCHelloWorld.dir/startup_stm32f429xx.s.obj

.debug_macro    0x00000000    0x265e1
 .debug_macro   0x00000000      0x37d CMakeFiles/VSCHelloWorld.dir/Core/Src/main.c.obj
 .debug_macro   0x0000037d      0xad8 CMakeFiles/VSCHelloWorld.dir/Core/Src/main.c.obj
 .debug_macro   0x00000e55      0x2a7 CMakeFiles/VSCHelloWorld.dir/Core/Src/main.c.obj
 .debug_macro   0x000010fc       0x2e CMakeFiles/VSCHelloWorld.dir/Core/Src/main.c.obj
 .debug_macro   0x0000112a       0x28 CMakeFiles/VSCHelloWorld.dir/Core/Src/main.c.obj
 .debug_macro   0x00001152       0x22 CMakeFiles/VSCHelloWorld.dir/Core/Src/main.c.obj
 .debug_macro   0x00001174       0x8e CMakeFiles/VSCHelloWorld.dir/Core/Src/main.c.obj
 .debug_macro   0x00001202       0x51 CMakeFiles/VSCHelloWorld.dir/Core/Src/main.c.obj
 .debug_macro   0x00001253      0x103 CMakeFiles/VSCHelloWorld.dir/Core/Src/main.c.obj
 .debug_macro   0x00001356       0x6a CMakeFiles/VSCHelloWorld.dir/Core/Src/main.c.obj
 .debug_macro   0x000013c0      0x1df CMakeFiles/VSCHelloWorld.dir/Core/Src/main.c.obj
 .debug_macro   0x0000159f       0x1c CMakeFiles/VSCHelloWorld.dir/Core/Src/main.c.obj
 .debug_macro   0x000015bb       0x22 CMakeFiles/VSCHelloWorld.dir/Core/Src/main.c.obj
 .debug_macro   0x000015dd       0xfb CMakeFiles/VSCHelloWorld.dir/Core/Src/main.c.obj
 .debug_macro   0x000016d8     0x1011 CMakeFiles/VSCHelloWorld.dir/Core/Src/main.c.obj
 .debug_macro   0x000026e9      0x11f CMakeFiles/VSCHelloWorld.dir/Core/Src/main.c.obj
 .debug_macro   0x00002808    0x17ff1 CMakeFiles/VSCHelloWorld.dir/Core/Src/main.c.obj
 .debug_macro   0x0001a7f9       0x6d CMakeFiles/VSCHelloWorld.dir/Core/Src/main.c.obj
 .debug_macro   0x0001a866     0x370a CMakeFiles/VSCHelloWorld.dir/Core/Src/main.c.obj
 .debug_macro   0x0001df70      0x190 CMakeFiles/VSCHelloWorld.dir/Core/Src/main.c.obj
 .debug_macro   0x0001e100       0x5c CMakeFiles/VSCHelloWorld.dir/Core/Src/main.c.obj
 .debug_macro   0x0001e15c      0xcba CMakeFiles/VSCHelloWorld.dir/Core/Src/main.c.obj
 .debug_macro   0x0001ee16      0x9e9 CMakeFiles/VSCHelloWorld.dir/Core/Src/main.c.obj
 .debug_macro   0x0001f7ff      0x115 CMakeFiles/VSCHelloWorld.dir/Core/Src/main.c.obj
 .debug_macro   0x0001f914      0x156 CMakeFiles/VSCHelloWorld.dir/Core/Src/main.c.obj
 .debug_macro   0x0001fa6a       0xa5 CMakeFiles/VSCHelloWorld.dir/Core/Src/main.c.obj
 .debug_macro   0x0001fb0f      0x182 CMakeFiles/VSCHelloWorld.dir/Core/Src/main.c.obj
 .debug_macro   0x0001fc91      0x287 CMakeFiles/VSCHelloWorld.dir/Core/Src/main.c.obj
 .debug_macro   0x0001ff18       0x5f CMakeFiles/VSCHelloWorld.dir/Core/Src/main.c.obj
 .debug_macro   0x0001ff77      0x236 CMakeFiles/VSCHelloWorld.dir/Core/Src/main.c.obj
 .debug_macro   0x000201ad      0xb99 CMakeFiles/VSCHelloWorld.dir/Core/Src/main.c.obj
 .debug_macro   0x00020d46      0x132 CMakeFiles/VSCHelloWorld.dir/Core/Src/main.c.obj
 .debug_macro   0x00020e78      0x41d CMakeFiles/VSCHelloWorld.dir/Core/Src/main.c.obj
 .debug_macro   0x00021295       0x2e CMakeFiles/VSCHelloWorld.dir/Core/Src/main.c.obj
 .debug_macro   0x000212c3      0x127 CMakeFiles/VSCHelloWorld.dir/Core/Src/main.c.obj
 .debug_macro   0x000213ea       0xe2 CMakeFiles/VSCHelloWorld.dir/Core/Src/main.c.obj
 .debug_macro   0x000214cc       0x89 CMakeFiles/VSCHelloWorld.dir/Core/Src/main.c.obj
 .debug_macro   0x00021555      0x8ed CMakeFiles/VSCHelloWorld.dir/Core/Src/main.c.obj
 .debug_macro   0x00021e42       0x4d CMakeFiles/VSCHelloWorld.dir/Core/Src/main.c.obj
 .debug_macro   0x00021e8f      0x2aa CMakeFiles/VSCHelloWorld.dir/Core/Src/main.c.obj
 .debug_macro   0x00022139      0x293 CMakeFiles/VSCHelloWorld.dir/Core/Src/main.c.obj
 .debug_macro   0x000223cc       0xba CMakeFiles/VSCHelloWorld.dir/Core/Src/main.c.obj
 .debug_macro   0x00022486      0x134 CMakeFiles/VSCHelloWorld.dir/Core/Src/main.c.obj
 .debug_macro   0x000225ba      0x130 CMakeFiles/VSCHelloWorld.dir/Core/Src/main.c.obj
 .debug_macro   0x000226ea       0x74 CMakeFiles/VSCHelloWorld.dir/Core/Src/main.c.obj
 .debug_macro   0x0002275e       0x2a CMakeFiles/VSCHelloWorld.dir/Core/Src/main.c.obj
 .debug_macro   0x00022788       0x3c CMakeFiles/VSCHelloWorld.dir/Core/Src/main.c.obj
 .debug_macro   0x000227c4       0x34 CMakeFiles/VSCHelloWorld.dir/Core/Src/main.c.obj
 .debug_macro   0x000227f8      0x370 CMakeFiles/VSCHelloWorld.dir/Core/Src/main.c.obj
 .debug_macro   0x00022b68       0x16 CMakeFiles/VSCHelloWorld.dir/Core/Src/main.c.obj
 .debug_macro   0x00022b7e       0x4a CMakeFiles/VSCHelloWorld.dir/Core/Src/main.c.obj
 .debug_macro   0x00022bc8       0x34 CMakeFiles/VSCHelloWorld.dir/Core/Src/main.c.obj
 .debug_macro   0x00022bfc       0x10 CMakeFiles/VSCHelloWorld.dir/Core/Src/main.c.obj
 .debug_macro   0x00022c0c       0x58 CMakeFiles/VSCHelloWorld.dir/Core/Src/main.c.obj
 .debug_macro   0x00022c64      0x1e5 CMakeFiles/VSCHelloWorld.dir/Core/Src/main.c.obj
 .debug_macro   0x00022e49       0x10 CMakeFiles/VSCHelloWorld.dir/Core/Src/main.c.obj
 .debug_macro   0x00022e59       0x3c CMakeFiles/VSCHelloWorld.dir/Core/Src/main.c.obj
 .debug_macro   0x00022e95       0x20 CMakeFiles/VSCHelloWorld.dir/Core/Src/main.c.obj
 .debug_macro   0x00022eb5       0xea CMakeFiles/VSCHelloWorld.dir/Core/Src/main.c.obj
 .debug_macro   0x00022f9f      0x15a CMakeFiles/VSCHelloWorld.dir/Core/Src/main.c.obj
 .debug_macro   0x000230f9       0xde CMakeFiles/VSCHelloWorld.dir/Core/Src/main.c.obj
 .debug_macro   0x000231d7       0x1c CMakeFiles/VSCHelloWorld.dir/Core/Src/main.c.obj
 .debug_macro   0x000231f3       0x26 CMakeFiles/VSCHelloWorld.dir/Core/Src/main.c.obj
 .debug_macro   0x00023219      0x504 CMakeFiles/VSCHelloWorld.dir/Core/Src/main.c.obj
 .debug_macro   0x0002371d       0xb5 CMakeFiles/VSCHelloWorld.dir/Core/Src/main.c.obj
 .debug_macro   0x000237d2       0xaa CMakeFiles/VSCHelloWorld.dir/Core/Src/main.c.obj
 .debug_macro   0x0002387c       0x91 CMakeFiles/VSCHelloWorld.dir/Core/Src/main.c.obj
 .debug_macro   0x0002390d       0x8d CMakeFiles/VSCHelloWorld.dir/Core/Src/main.c.obj
 .debug_macro   0x0002399a       0x7e CMakeFiles/VSCHelloWorld.dir/Core/Src/main.c.obj
 .debug_macro   0x00023a18       0x19 CMakeFiles/VSCHelloWorld.dir/Core/Src/main.c.obj
 .debug_macro   0x00023a31       0xf2 CMakeFiles/VSCHelloWorld.dir/Core/Src/main.c.obj
 .debug_macro   0x00023b23      0x273 CMakeFiles/VSCHelloWorld.dir/Core/Src/freertos.c.obj
 .debug_macro   0x00023d96       0xea CMakeFiles/VSCHelloWorld.dir/Core/Src/freertos.c.obj
 .debug_macro   0x00023e80      0x215 CMakeFiles/VSCHelloWorld.dir/Core/Src/stm32f4xx_it.c.obj
 .debug_macro   0x00024095      0x20b CMakeFiles/VSCHelloWorld.dir/Core/Src/stm32f4xx_hal_msp.c.obj
 .debug_macro   0x000242a0      0x1fc CMakeFiles/VSCHelloWorld.dir/Core/Src/stm32f4xx_hal_timebase_tim.c.obj
 .debug_macro   0x0002449c      0x1fd CMakeFiles/VSCHelloWorld.dir/Drivers/STM32F4xx_HAL_Driver/Src/stm32f4xx_hal_tim.c.obj
 .debug_macro   0x00024699      0x1fc CMakeFiles/VSCHelloWorld.dir/Drivers/STM32F4xx_HAL_Driver/Src/stm32f4xx_hal_tim_ex.c.obj
 .debug_macro   0x00024895      0x220 CMakeFiles/VSCHelloWorld.dir/Drivers/STM32F4xx_HAL_Driver/Src/stm32f4xx_hal_rcc.c.obj
 .debug_macro   0x00024ab5      0x202 CMakeFiles/VSCHelloWorld.dir/Drivers/STM32F4xx_HAL_Driver/Src/stm32f4xx_hal_gpio.c.obj
 .debug_macro   0x00024cb7      0x1fc CMakeFiles/VSCHelloWorld.dir/Drivers/STM32F4xx_HAL_Driver/Src/stm32f4xx_hal_cortex.c.obj
 .debug_macro   0x00024eb3      0x25c CMakeFiles/VSCHelloWorld.dir/Drivers/STM32F4xx_HAL_Driver/Src/stm32f4xx_hal.c.obj
 .debug_macro   0x0002510f      0x2d6 CMakeFiles/VSCHelloWorld.dir/Drivers/STM32F4xx_HAL_Driver/Src/stm32f4xx_hal_eth.c.obj
 .debug_macro   0x000253e5      0x1fd CMakeFiles/VSCHelloWorld.dir/Drivers/STM32F4xx_HAL_Driver/Src/stm32f4xx_hal_uart.c.obj
 .debug_macro   0x000255e2      0x208 CMakeFiles/VSCHelloWorld.dir/Drivers/STM32F4xx_HAL_Driver/Src/stm32f4xx_hal_pcd.c.obj
 .debug_macro   0x000257ea      0x1fc CMakeFiles/VSCHelloWorld.dir/Drivers/STM32F4xx_HAL_Driver/Src/stm32f4xx_ll_usb.c.obj
 .debug_macro   0x000259e6      0x1fc CMakeFiles/VSCHelloWorld.dir/Core/Src/system_stm32f4xx.c.obj
 .debug_macro   0x00025be2      0x178 CMakeFiles/VSCHelloWorld.dir/Middlewares/Third_Party/FreeRTOS/Source/list.c.obj
 .debug_macro   0x00025d5a      0x26a CMakeFiles/VSCHelloWorld.dir/Middlewares/Third_Party/FreeRTOS/Source/tasks.c.obj
 .debug_macro   0x00025fc4       0x10 CMakeFiles/VSCHelloWorld.dir/Middlewares/Third_Party/FreeRTOS/Source/tasks.c.obj
 .debug_macro   0x00025fd4      0x1ef CMakeFiles/VSCHelloWorld.dir/Middlewares/Third_Party/FreeRTOS/Source/CMSIS_RTOS/cmsis_os.c.obj
 .debug_macro   0x000261c3       0xe9 CMakeFiles/VSCHelloWorld.dir/Middlewares/Third_Party/FreeRTOS/Source/CMSIS_RTOS/cmsis_os.c.obj
 .debug_macro   0x000262ac      0x19f CMakeFiles/VSCHelloWorld.dir/Middlewares/Third_Party/FreeRTOS/Source/portable/MemMang/heap_4.c.obj
 .debug_macro   0x0002644b      0x196 CMakeFiles/VSCHelloWorld.dir/Middlewares/Third_Party/FreeRTOS/Source/portable/GCC/ARM_CM4F/port.c.obj

.debug_line     0x00000000    0x16eaf
 .debug_line    0x00000000      0xcbf CMakeFiles/VSCHelloWorld.dir/Core/Src/main.c.obj
 .debug_line    0x00000cbf      0x91f CMakeFiles/VSCHelloWorld.dir/Core/Src/freertos.c.obj
 .debug_line    0x000015de      0x81f CMakeFiles/VSCHelloWorld.dir/Core/Src/stm32f4xx_it.c.obj
 .debug_line    0x00001dfd      0x8c7 CMakeFiles/VSCHelloWorld.dir/Core/Src/stm32f4xx_hal_msp.c.obj
 .debug_line    0x000026c4      0x80b CMakeFiles/VSCHelloWorld.dir/Core/Src/stm32f4xx_hal_timebase_tim.c.obj
 .debug_line    0x00002ecf     0x37fd CMakeFiles/VSCHelloWorld.dir/Drivers/STM32F4xx_HAL_Driver/Src/stm32f4xx_hal_tim.c.obj
 .debug_line    0x000066cc     0x19e8 CMakeFiles/VSCHelloWorld.dir/Drivers/STM32F4xx_HAL_Driver/Src/stm32f4xx_hal_tim_ex.c.obj
 .debug_line    0x000080b4      0xe97 CMakeFiles/VSCHelloWorld.dir/Drivers/STM32F4xx_HAL_Driver/Src/stm32f4xx_hal_rcc.c.obj
 .debug_line    0x00008f4b      0xc08 CMakeFiles/VSCHelloWorld.dir/Drivers/STM32F4xx_HAL_Driver/Src/stm32f4xx_hal_gpio.c.obj
 .debug_line    0x00009b53      0xd58 CMakeFiles/VSCHelloWorld.dir/Drivers/STM32F4xx_HAL_Driver/Src/stm32f4xx_hal_cortex.c.obj
 .debug_line    0x0000a8ab      0xabe CMakeFiles/VSCHelloWorld.dir/Drivers/STM32F4xx_HAL_Driver/Src/stm32f4xx_hal.c.obj
 .debug_line    0x0000b369     0x1a9d CMakeFiles/VSCHelloWorld.dir/Drivers/STM32F4xx_HAL_Driver/Src/stm32f4xx_hal_eth.c.obj
 .debug_line    0x0000ce06     0x25d0 CMakeFiles/VSCHelloWorld.dir/Drivers/STM32F4xx_HAL_Driver/Src/stm32f4xx_hal_uart.c.obj
 .debug_line    0x0000f3d6     0x14d3 CMakeFiles/VSCHelloWorld.dir/Drivers/STM32F4xx_HAL_Driver/Src/stm32f4xx_hal_pcd.c.obj
 .debug_line    0x000108a9     0x1dbc CMakeFiles/VSCHelloWorld.dir/Drivers/STM32F4xx_HAL_Driver/Src/stm32f4xx_ll_usb.c.obj
 .debug_line    0x00012665      0x80c CMakeFiles/VSCHelloWorld.dir/Core/Src/system_stm32f4xx.c.obj
 .debug_line    0x00012e71      0x62c CMakeFiles/VSCHelloWorld.dir/Middlewares/Third_Party/FreeRTOS/Source/list.c.obj
 .debug_line    0x0001349d     0x1767 CMakeFiles/VSCHelloWorld.dir/Middlewares/Third_Party/FreeRTOS/Source/tasks.c.obj
 .debug_line    0x00014c04     0x11e5 CMakeFiles/VSCHelloWorld.dir/Middlewares/Third_Party/FreeRTOS/Source/CMSIS_RTOS/cmsis_os.c.obj
 .debug_line    0x00015de9      0x843 CMakeFiles/VSCHelloWorld.dir/Middlewares/Third_Party/FreeRTOS/Source/portable/MemMang/heap_4.c.obj
 .debug_line    0x0001662c      0x7ba CMakeFiles/VSCHelloWorld.dir/Middlewares/Third_Party/FreeRTOS/Source/portable/GCC/ARM_CM4F/port.c.obj
 .debug_line    0x00016de6       0x7a CMakeFiles/VSCHelloWorld.dir/startup_stm32f429xx.s.obj
 .debug_line    0x00016e60       0x4f C:/ST/STM32CubeCLT_1.18.0/GNU-tools-for-STM32/bin/../lib/gcc/arm-none-eabi/13.3.1/../../../../arm-none-eabi/lib/thumb/v7e-m+fp/hard\libg_nano.a(libc_a-strlen.o)

.debug_str      0x00000000    0xea54c
 .debug_str     0x00000000    0xea54c CMakeFiles/VSCHelloWorld.dir/Core/Src/main.c.obj
                              0xe2e7d (size before relaxing)
 .debug_str     0x000ea54c    0xdc979 CMakeFiles/VSCHelloWorld.dir/Core/Src/freertos.c.obj
 .debug_str     0x000ea54c    0xd9019 CMakeFiles/VSCHelloWorld.dir/Core/Src/stm32f4xx_it.c.obj
 .debug_str     0x000ea54c    0xd9eed CMakeFiles/VSCHelloWorld.dir/Core/Src/stm32f4xx_hal_msp.c.obj
 .debug_str     0x000ea54c    0xd92b0 CMakeFiles/VSCHelloWorld.dir/Core/Src/stm32f4xx_hal_timebase_tim.c.obj
 .debug_str     0x000ea54c    0xd9adc CMakeFiles/VSCHelloWorld.dir/Drivers/STM32F4xx_HAL_Driver/Src/stm32f4xx_hal_tim.c.obj
 .debug_str     0x000ea54c    0xd92e8 CMakeFiles/VSCHelloWorld.dir/Drivers/STM32F4xx_HAL_Driver/Src/stm32f4xx_hal_tim_ex.c.obj
 .debug_str     0x000ea54c    0xd8b99 CMakeFiles/VSCHelloWorld.dir/Drivers/STM32F4xx_HAL_Driver/Src/stm32f4xx_hal_rcc.c.obj
 .debug_str     0x000ea54c    0xd88e0 CMakeFiles/VSCHelloWorld.dir/Drivers/STM32F4xx_HAL_Driver/Src/stm32f4xx_hal_gpio.c.obj
 .debug_str     0x000ea54c    0xd90b6 CMakeFiles/VSCHelloWorld.dir/Drivers/STM32F4xx_HAL_Driver/Src/stm32f4xx_hal_cortex.c.obj
 .debug_str     0x000ea54c    0xd9388 CMakeFiles/VSCHelloWorld.dir/Drivers/STM32F4xx_HAL_Driver/Src/stm32f4xx_hal.c.obj
 .debug_str     0x000ea54c    0xda061 CMakeFiles/VSCHelloWorld.dir/Drivers/STM32F4xx_HAL_Driver/Src/stm32f4xx_hal_eth.c.obj
 .debug_str     0x000ea54c    0xd9167 CMakeFiles/VSCHelloWorld.dir/Drivers/STM32F4xx_HAL_Driver/Src/stm32f4xx_hal_uart.c.obj
 .debug_str     0x000ea54c    0xd9230 CMakeFiles/VSCHelloWorld.dir/Drivers/STM32F4xx_HAL_Driver/Src/stm32f4xx_hal_pcd.c.obj
 .debug_str     0x000ea54c    0xd910b CMakeFiles/VSCHelloWorld.dir/Drivers/STM32F4xx_HAL_Driver/Src/stm32f4xx_ll_usb.c.obj
 .debug_str     0x000ea54c    0xd8765 CMakeFiles/VSCHelloWorld.dir/Core/Src/system_stm32f4xx.c.obj
 .debug_str     0x000ea54c     0xa62c CMakeFiles/VSCHelloWorld.dir/Middlewares/Third_Party/FreeRTOS/Source/list.c.obj
 .debug_str     0x000ea54c     0xc997 CMakeFiles/VSCHelloWorld.dir/Middlewares/Third_Party/FreeRTOS/Source/tasks.c.obj
 .debug_str     0x000ea54c     0xe556 CMakeFiles/VSCHelloWorld.dir/Middlewares/Third_Party/FreeRTOS/Source/CMSIS_RTOS/cmsis_os.c.obj
 .debug_str     0x000ea54c     0xaf6e CMakeFiles/VSCHelloWorld.dir/Middlewares/Third_Party/FreeRTOS/Source/portable/MemMang/heap_4.c.obj
 .debug_str     0x000ea54c     0x8801 CMakeFiles/VSCHelloWorld.dir/Middlewares/Third_Party/FreeRTOS/Source/portable/GCC/ARM_CM4F/port.c.obj
 .debug_str     0x000ea54c       0x9e CMakeFiles/VSCHelloWorld.dir/startup_stm32f429xx.s.obj
 .debug_str     0x000ea54c       0xf3 C:/ST/STM32CubeCLT_1.18.0/GNU-tools-for-STM32/bin/../lib/gcc/arm-none-eabi/13.3.1/../../../../arm-none-eabi/lib/thumb/v7e-m+fp/hard\libg_nano.a(libc_a-strlen.o)

.debug_line_str
                0x00000000      0x160
 .debug_line_str
                0x00000000      0x160 CMakeFiles/VSCHelloWorld.dir/startup_stm32f429xx.s.obj
                                 0x82 (size before relaxing)
 .debug_line_str
                0x00000160       0xde C:/ST/STM32CubeCLT_1.18.0/GNU-tools-for-STM32/bin/../lib/gcc/arm-none-eabi/13.3.1/../../../../arm-none-eabi/lib/thumb/v7e-m+fp/hard\libg_nano.a(libc_a-strlen.o)
