../Core/Src/main.c:82:1:__io_putchar	16	static
../Core/Src/main.c:99:5:main	104	static
../Core/Src/main.c:187:6:SystemClock_Config	88	static
../Core/Src/main.c:233:13:MX_ETH_Init	8	static
../Core/Src/main.c:282:13:MX_USART3_UART_Init	8	static
../Core/Src/main.c:315:13:MX_USB_OTG_FS_PCD_Init	8	static
../Core/Src/main.c:350:13:MX_GPIO_Init	56	static
../Core/Src/main.c:402:6:print_uart	16	static
../Core/Src/main.c:423:6:StartDefaultTask	16	static
../Core/Src/main.c:433:6:Task01_init	16	static
../Core/Src/main.c:446:6:Task02_init	72	static
../Core/Src/main.c:476:6:Task03_init	16	static
../Core/Src/main.c:496:6:HAL_TIM_PeriodElapsedCallback	16	static
../Core/Src/main.c:513:6:Error_Handler	4	static,ignoring_inline_asm
