../Core/Src/main.c:76:1:__io_putchar	16	static
../Core/Src/main.c:93:5:main	112	static
../Core/Src/main.c:205:6:SystemClock_Config	88	static
../Core/Src/main.c:252:13:MX_USART3_UART_Init	8	static
../Core/Src/main.c:285:13:MX_USB_OTG_FS_PCD_Init	4	static
../Core/Src/main.c:307:13:MX_GPIO_Init	56	static
../Core/Src/main.c:372:6:oneTask	32	static
../Core/Src/main.c:393:6:twoTask	24	static
../Core/Src/main.c:407:6:threeTask	32	static
../Core/Src/main.c:446:6:HAL_TIM_PeriodElapsedCallback	16	static
../Core/Src/main.c:463:6:Error_Handler	4	static,ignoring_inline_asm
