../Core/Src/main.c:21:6:SystemClock_Config	88	static
../Core/Src/main.c:62:13:MX_GPIO_Init	56	static
../Core/Src/main.c:124:13:MX_USART3_UART_Init	8	static
../Core/Src/main.c:143:13:createTask	104	static
../Core/Src/main.c:159:6:initProcess	8	static
../Core/Src/main.c:166:5:main	8	static
../Core/Src/main.c:174:6:HAL_TIM_PeriodElapsedCallback	16	static
../Core/Src/main.c:191:6:function1	16	static
../Core/Src/main.c:197:6:function2	16	static
../Core/Src/main.c:207:6:function3	16	static
../Core/Src/main.c:219:6:Error_Handler	4	static,ignoring_inline_asm
